[f7.vamtam.com/index.html]
[backblue.gif]
[fade.gif]
[index.html]
[f7.vamtam.com/wp-content/themes/f7/vamtam/assets/images/loader-ring.gif]
[f7.vamtam.com/wp-content/plugins/instagram-feed-pro/css/sbi-styles.min8040.css]
[f7.vamtam.com/wp-includes/css/dist/block-library/style.mina78f.css]
[f7.vamtam.com/wp-content/cache/min/1/wp-content/plugins/woocommerce/packages/woocommerce-blocks/build/vendors-style83f9.css]
[f7.vamtam.com/wp-content/cache/min/1/wp-content/plugins/woocommerce/packages/woocommerce-blocks/build/style83f9.css]
[f7.vamtam.com/wp-content/cache/min/1/wp-content/plugins/woocommerce/assets/css/woocommerce-layout83f9.css]
[f7.vamtam.com/wp-content/cache/min/1/wp-content/plugins/woocommerce/assets/css/woocommerce-smallscreen83f9.css]
[f7.vamtam.com/wp-content/cache/min/1/wp-content/plugins/woocommerce/assets/css/woocommerce83f9.css]
[f7.vamtam.com/wp-content/plugins/elementor/assets/lib/animations/animations.mindeae.css]
[f7.vamtam.com/wp-content/cache/min/1/wp-content/plugins/elementor/assets/css/frontend.min83f9.css]
[f7.vamtam.com/comments/feed/index.html]
[f7.vamtam.com/wp-content/cache/min/1/wp-content/uploads/elementor/css/post-483f9.css]
[f7.vamtam.com/wp-content/plugins/elementor-pro/assets/css/frontend.mindeae.css]
[f7.vamtam.com/feed/index.html]
[f7.vamtam.com/wp-content/cache/min/1/wp-content/plugins/elementor/assets/lib/font-awesome/css/all.min83f9.css]
[f7.vamtam.com/wp-content/plugins/elementor/assets/lib/font-awesome/css/v4-shims.mindeae.css]
[f7.vamtam.com/wp-content/cache/min/1/wp-content/uploads/elementor/css/post-11cd4f.css]
[f7.vamtam.com/wp-content/cache/min/1/wp-content/uploads/elementor/css/post-16668cd4f.css]
[f7.vamtam.com/wp-content/cache/min/1/wp-content/uploads/elementor/css/post-284cd4f.css]
[f7.vamtam.com/wp-content/cache/min/1/wp-content/uploads/elementor/css/post-323783f9.css]
[f7.vamtam.com/wp-content/cache/min/1/wp-content/themes/f7/vamtam/assets/css/dist/all83f9.css]
[f7.vamtam.com/wp-content/themes/f7/vamtam/assets/fonts/icons/icomoon.woff2]
[f7.vamtam.com/wp-content/themes/f7/vamtam/assets/fonts/icons/icomoon.woff]
[f7.vamtam.com/wp-content/themes/f7/vamtam/assets/fonts/icons/icomoon.ttf]
[f7.vamtam.com/wp-content/themes/f7/vamtam/assets/fonts/theme-icons/theme-icons.woff2]
[f7.vamtam.com/wp-content/themes/f7/vamtam/assets/fonts/theme-icons/theme-icons.woff]
[f7.vamtam.com/wp-content/cache/min/1/wp-content/themes/f7/vamtam/assets/css/dist/woocommerce/main83f9.css]
[f7.vamtam.com/wp-content/themes/f7/vamtam/assets/css/dist/responsive/layout-max-low32a9.css]
[f7.vamtam.com/wp-content/themes/f7/vamtam/assets/css/dist/responsive/layout-max32a9.css]
[f7.vamtam.com/wp-content/themes/f7/vamtam/assets/css/dist/responsive/layout-below-max32a9.css]
[f7.vamtam.com/wp-content/themes/f7/vamtam/assets/css/dist/responsive/layout-small32a9.css]
[f7.vamtam.com/wp-content/cache/min/1/wp-content/themes/f7/vamtam/assets/css/dist/responsive/wc-small-screen83f9.css]
[f7.vamtam.com/wp-content/plugins/elementor/assets/lib/font-awesome/css/fontawesome.min9e0b.css]
[f7.vamtam.com/wp-content/cache/min/1/wp-content/plugins/elementor/assets/lib/font-awesome/css/brands.mincd4f.css]
[f7.vamtam.com/wp-content/cache/min/1/wp-content/uploads/elementor/custom-icons/theme-icons/style83f9.css]
[f7.vamtam.com/wp-content/cache/min/1/wp-content/plugins/elementor/assets/lib/font-awesome/css/solid.mincd4f.css]
[f7.vamtam.com/wp-includes/js/jquery/jquery.min9d52.js]
[f7.vamtam.com/wp-includes/js/jquery/jquery-migrate.mind617.js]
[f7.vamtam.com/wp-content/plugins/elementor/assets/lib/font-awesome/js/v4-shims.mindeae.js]
[f7.vamtam.com/wp-json/index.html]
[f7.vamtam.com/wp-json/wp/v2/pages/11.json]
[f7.vamtam.com/xmlrpc0db0.php]
[f7.vamtam.com/wp-includes/wlwmanifest.xml]
[f7.vamtam.com/wp-content/uploads/2020/12/logo.svg]
[f7.vamtam.com/about.html]
[f7.vamtam.com/home-2/index.html]
[f7.vamtam.com/blog.html]
[f7.vamtam.com/membership/index.html]
[f7.vamtam.com/about/index.html]
[f7.vamtam.com/membership.html]
[f7.vamtam.com/wp-content/uploads/2020/12/review-1-iStock-1179352899.jpg]
[f7.vamtam.com/team/index.html]
[f7.vamtam.com/reviews/index.html]
[f7.vamtam.com/contact/index.html]
[f7.vamtam.com/wp-content/uploads/2020/12/review-2-iStock-1243206637.jpg]
[f7.vamtam.com/wp-content/uploads/2021/02/review-3-andrew-donovan-valdivia-LSPTjgbZHoQ-unsplash.jpg]
[f7.vamtam.com/schedules/index.html]
[f7.vamtam.com/reviews.html]
[f7.vamtam.com/covid-19/index.html]
[f7.vamtam.com/blog/index.html]
[f7.vamtam.com/stories/index.html]
[f7.vamtam.com/shop-2/index.html]
[scontent-dfw5-1.cdninstagram.com/v/t51.29350-15/149384987_842939259595869_3643698726766741840_n6d06.jpg]
[f7.vamtam.com/classes/index.html]
[f7.vamtam.com/outdoor-classes/index.html]
[f7.vamtam.com/group-training/index.html]
[f7.vamtam.com/digital-coaching/index.html]
[f7.vamtam.com/personal-training/index.html]
[f7.vamtam.com/wp-content/plugins/instagram-feed-pro/img/placeholder.png]
[scontent-dfw5-1.cdninstagram.com/v/t51.29350-15/149780051_172497447742275_3454407433146678916_n7287.jpg]
[scontent-dfw5-1.cdninstagram.com/v/t51.29350-15/149831343_1830194480492346_1323700148335757677_n86cb.jpg]
[scontent-dfw5-1.cdninstagram.com/v/t51.29350-15/149783819_1322285844823851_787730271173955498_n4c44.jpg]
[scontent-dfw5-1.cdninstagram.com/v/t51.29350-15/150116413_707961803215781_6620700934581791279_n2d61.jpg]
[scontent-dfw5-1.cdninstagram.com/v/t51.29350-15/150259960_768315154083827_7650690820195578462_na7a4.jpg]
[scontent-dfw5-2.cdninstagram.com/v/t51.29350-15/166676335_195566115407789_5796107168525110478_ndf38.jpg]
[scontent-dfw5-2.cdninstagram.com/v/t51.29350-15/167145122_1351648528547199_1852287889714800547_nb733.jpg]
[f7.vamtam.com/terms-conditions/index.html]
[f7.vamtam.com/privacy-policy/index.html]
[f7.vamtam.com/personal-training.html]
[f7.vamtam.com/classes.html]
[f7.vamtam.com/wp-content/cache/min/1/wp-content/uploads/elementor/css/post-221cd4f.css]
[f7.vamtam.com/wp-content/plugins/elementor/assets/lib/flatpickr/flatpickr.mineda1.css]
[f7.vamtam.com/wp-content/cache/min/1/wp-content/uploads/elementor/css/post-235cd4f.css]
[f7.vamtam.com/wp-content/cache/min/1/wp-content/uploads/elementor/css/post-297cd4f.css]
[f7.vamtam.com/wp-content/cache/min/1/wp-content/uploads/elementor/css/post-8984cd4f.css]
[f7.vamtam.com/wp-content/cache/min/1/wp-content/uploads/elementor/css/post-10263cd4f.css]
[f7.vamtam.com/wp-content/cache/min/1/wp-content/uploads/elementor/css/post-8716cd4f.css]
[f7.vamtam.com/wp-content/cache/min/1/wp-content/uploads/elementor/css/post-8727cd4f.css]
[f7.vamtam.com/wp-content/cache/min/1/wp-content/uploads/elementor/css/post-8733cd4f.css]
[f7.vamtam.com/wp-content/cache/min/1/wp-content/uploads/elementor/css/post-5328cd4f.css]
[f7.vamtam.com/wp-content/cache/min/1/wp-content/uploads/elementor/css/post-5519cd4f.css]
[f7.vamtam.com/wp-content/plugins/woocommerce/assets/js/jquery-blockui/jquery.blockUI.min44fd.js]
[f7.vamtam.com/wp-content/plugins/woocommerce/assets/js/frontend/add-to-cart.minbb49.js]
[f7.vamtam.com/wp-content/plugins/woocommerce/assets/js/js-cookie/js.cookie.min6b25.js]
[f7.vamtam.com/wp-content/plugins/woocommerce/assets/js/frontend/woocommerce.minbb49.js]
[f7.vamtam.com/wp-content/themes/f7/vamtam/assets/js/all.min32a9.js]
[f7.vamtam.com/wp-content/plugins/woocommerce/assets/js/frontend/cart-fragments.minbb49.js]
[f7.vamtam.com/wp-content/plugins/elementor-pro/assets/lib/smartmenus/jquery.smartmenus.minf269.js]
[f7.vamtam.com/wp-content/plugins/elementor/assets/js/webpack.runtime.mindeae.js]
[f7.vamtam.com/wp-content/plugins/elementor/assets/js/frontend-modules.mindeae.js]
[f7.vamtam.com/wp-content/plugins/elementor/assets/lib/waypoints/waypoints.min05da.js]
[f7.vamtam.com/wp-includes/js/jquery/ui/core.min35d0.js]
[f7.vamtam.com/wp-content/plugins/elementor/assets/js/frontend.mindeae.js]
[f7.vamtam.com/wp-content/plugins/vamtam-elementor-integration/assets/js/widgets/nav-menu/vamtam-nav-menu.mincb18.js]
[f7.vamtam.com/wp-content/plugins/elementor-pro/assets/lib/lottie/lottie.min3f90.js]
[f7.vamtam.com/wp-includes/js/imagesloaded.mineda1.js]
[f7.vamtam.com/wp-content/plugins/vamtam-elementor-integration/assets/js/widgets/slides/vamtam-slides.mincb18.js]
[f7.vamtam.com/wp-content/plugins/vamtam-elementor-integration/assets/js/widgets/testimonial-carousel/vamtam-testimonial-carousel.mincb18.js]
[f7.vamtam.com/wp-content/plugins/elementor/assets/lib/flatpickr/flatpickr.mineda1.js]
[f7.vamtam.com/wp-content/plugins/instagram-feed-pro/js/sbi-scripts.min8040.js]
[f7.vamtam.com/wp-content/plugins/vamtam-elementor-integration/assets/js/widgets/image/vamtam-image.mincb18.js]
[f7.vamtam.com/wp-content/plugins/vamtam-elementor-integration/assets/js/widgets/text-editor/vamtam-text-editor.mincb18.js]
[f7.vamtam.com/wp-content/plugins/elementor-pro/assets/js/webpack-pro.runtime.mindeae.js]
[f7.vamtam.com/wp-content/plugins/elementor-pro/assets/lib/sticky/jquery.sticky.mindeae.js]
[f7.vamtam.com/wp-content/plugins/elementor-pro/assets/js/frontend.mindeae.js]
[f7.vamtam.com/wp-content/plugins/elementor-pro/assets/js/elements-handlers.mindeae.js]
[f7.vamtam.com/wp-content/plugins/vamtam-elementor-integration/assets/js/vamtam-elementor-frontend.mincb18.js]
[f7.vamtam.com/index.html]
[f7.vamtam.com/wp-content/plugins/wp-rocket/assets/js/lazyload/16.1/lazyload.min.js]
[f7.vamtam.com/wp-content/plugins/instagram-feed-pro/img/sbi-sprite.png]
[f7.vamtam.com/wp-content/plugins/instagram-feed-pro/img/small-logo.png]
[f7.vamtam.com/wp-content/plugins/instagram-feed-pro/css/owl.video.play.png]
[f7.vamtam.com/wp-content/plugins/instagram-feed-pro/css/sbi-styles.min8040.css]
[f7.vamtam.com/wp-includes/css/dist/block-library/style.mina78f.css]
[f7.vamtam.com/wp-content/cache/min/1/wp-content/plugins/woocommerce/packages/woocommerce-blocks/build/vendors-style83f9.css]
[f7.vamtam.com/wp-content/cache/min/1/wp-content/plugins/woocommerce/packages/woocommerce-blocks/build/style83f9.css]
[f7.vamtam.com/wp-content/cache/min/1/wp-content/plugins/woocommerce/assets/css/woocommerce-layout83f9.css]
[f7.vamtam.com/wp-content/cache/min/1/wp-content/plugins/woocommerce/assets/css/woocommerce-smallscreen83f9.css]
[f7.vamtam.com/wp-content/plugins/woocommerce/assets/fonts/star.eot]
[f7.vamtam.com/wp-content/plugins/woocommerce/assets/fonts/stard41d.eot]
[f7.vamtam.com/wp-content/plugins/woocommerce/assets/fonts/star.woff]
[f7.vamtam.com/wp-content/plugins/woocommerce/assets/fonts/star.ttf]
[f7.vamtam.com/wp-content/plugins/woocommerce/assets/fonts/star.svg]
[f7.vamtam.com/wp-content/plugins/woocommerce/assets/fonts/WooCommerce.eot]
[f7.vamtam.com/wp-content/plugins/woocommerce/assets/fonts/WooCommerced41d.eot]
[f7.vamtam.com/wp-content/plugins/woocommerce/assets/fonts/WooCommerce.woff]
[f7.vamtam.com/wp-content/plugins/woocommerce/assets/fonts/WooCommerce.ttf]
[f7.vamtam.com/wp-content/plugins/woocommerce/assets/fonts/WooCommerce.svg]
[f7.vamtam.com/wp-content/plugins/woocommerce/assets/images/icons/loader.svg]
[f7.vamtam.com/wp-content/plugins/woocommerce/assets/images/icons/credit-cards/visa.svg]
[f7.vamtam.com/wp-content/plugins/woocommerce/assets/images/icons/credit-cards/mastercard.svg]
[f7.vamtam.com/wp-content/plugins/woocommerce/assets/images/icons/credit-cards/laser.svg]
[f7.vamtam.com/wp-content/plugins/woocommerce/assets/images/icons/credit-cards/diners.svg]
[f7.vamtam.com/wp-content/plugins/woocommerce/assets/images/icons/credit-cards/maestro.svg]
[f7.vamtam.com/wp-content/plugins/woocommerce/assets/images/icons/credit-cards/jcb.svg]
[f7.vamtam.com/wp-content/plugins/woocommerce/assets/images/icons/credit-cards/amex.svg]
[f7.vamtam.com/wp-content/cache/min/1/wp-content/plugins/woocommerce/assets/css/woocommerce83f9.css]
[f7.vamtam.com/wp-content/plugins/elementor/assets/lib/animations/animations.mindeae.css]
[f7.vamtam.com/wp-content/plugins/woocommerce/assets/images/icons/credit-cards/discover.svg]
[f7.vamtam.com/wp-content/plugins/elementor/assets/lib/eicons/fonts/eicons0b93.eot]
[f7.vamtam.com/wp-content/plugins/elementor/assets/lib/eicons/fonts/eicons0b93.woff2]
[f7.vamtam.com/wp-content/plugins/elementor/assets/lib/eicons/fonts/eicons0b93.woff]
[f7.vamtam.com/wp-content/plugins/elementor/assets/lib/eicons/fonts/eicons0b93.ttf]
[f7.vamtam.com/wp-content/cache/min/1/wp-content/plugins/elementor/assets/css/frontend.min83f9.css]
[f7.vamtam.com/wp-content/cache/min/1/wp-content/uploads/elementor/css/post-483f9.css]
[f7.vamtam.com/wp-content/plugins/elementor-pro/assets/css/frontend.mindeae.css]
[f7.vamtam.com/wp-content/plugins/elementor/assets/lib/eicons/fonts/eicons0b93.svg]
[f7.vamtam.com/wp-content/plugins/elementor/assets/lib/font-awesome/webfonts/fa-brands-400.eot]
[f7.vamtam.com/wp-content/plugins/elementor/assets/lib/font-awesome/webfonts/fa-brands-400d41d.eot]
[f7.vamtam.com/wp-content/plugins/elementor/assets/lib/font-awesome/webfonts/fa-brands-400.woff2]
[f7.vamtam.com/wp-content/plugins/elementor/assets/lib/font-awesome/webfonts/fa-brands-400.woff]
[f7.vamtam.com/wp-content/plugins/elementor/assets/lib/font-awesome/webfonts/fa-brands-400.ttf]
[f7.vamtam.com/wp-content/plugins/elementor/assets/lib/font-awesome/webfonts/fa-brands-400.svg]
[f7.vamtam.com/wp-content/plugins/elementor/assets/lib/font-awesome/webfonts/fa-regular-400.eot]
[f7.vamtam.com/wp-content/plugins/elementor/assets/lib/font-awesome/webfonts/fa-regular-400d41d.eot]
[f7.vamtam.com/wp-content/plugins/elementor/assets/lib/font-awesome/webfonts/fa-regular-400.woff2]
[f7.vamtam.com/wp-content/plugins/elementor/assets/lib/font-awesome/webfonts/fa-regular-400.woff]
[f7.vamtam.com/wp-content/plugins/elementor/assets/lib/font-awesome/webfonts/fa-regular-400.ttf]
[f7.vamtam.com/wp-content/plugins/elementor/assets/lib/font-awesome/webfonts/fa-regular-400.svg]
[f7.vamtam.com/wp-content/plugins/elementor/assets/lib/font-awesome/webfonts/fa-solid-900.eot]
[f7.vamtam.com/wp-content/plugins/elementor/assets/lib/font-awesome/webfonts/fa-solid-900d41d.eot]
[f7.vamtam.com/wp-content/plugins/elementor/assets/lib/font-awesome/webfonts/fa-solid-900.woff2]
[f7.vamtam.com/wp-content/plugins/elementor/assets/lib/font-awesome/webfonts/fa-solid-900.woff]
[f7.vamtam.com/wp-content/plugins/elementor/assets/lib/font-awesome/webfonts/fa-solid-900.ttf]
[f7.vamtam.com/wp-content/cache/min/1/wp-content/plugins/elementor/assets/lib/font-awesome/css/all.min83f9.css]
[f7.vamtam.com/wp-content/plugins/elementor/assets/lib/font-awesome/css/v4-shims.mindeae.css]
[f7.vamtam.com/wp-content/uploads/2020/12/iStock-923745066-1-scaled.jpg]
[f7.vamtam.com/wp-content/cache/min/1/wp-content/uploads/elementor/css/post-11cd4f.css]
[f7.vamtam.com/wp-content/cache/min/1/wp-content/uploads/elementor/css/post-16668cd4f.css]
[f7.vamtam.com/wp-content/cache/min/1/wp-content/uploads/elementor/css/post-284cd4f.css]
[f7.vamtam.com/wp-content/cache/min/1/wp-content/uploads/elementor/css/post-323783f9.css]
[f7.vamtam.com/wp-content/plugins/elementor/assets/lib/font-awesome/webfonts/fa-solid-900.svg]
[f7.vamtam.com/wp-content/themes/f7/vamtam/assets/images/blob-mask-slider-bg-1.svg]
[f7.vamtam.com/wp-content/cache/min/1/wp-content/themes/f7/vamtam/assets/css/dist/all83f9.css]
[f7.vamtam.com/wp-content/cache/min/1/wp-content/themes/f7/vamtam/assets/css/dist/woocommerce/main83f9.css]
[f7.vamtam.com/wp-content/themes/f7/vamtam/assets/css/dist/responsive/layout-max-low32a9.css]
[f7.vamtam.com/wp-content/themes/f7/vamtam/assets/css/dist/responsive/layout-max32a9.css]
[f7.vamtam.com/wp-content/themes/f7/vamtam/assets/css/dist/responsive/layout-below-max32a9.css]
[f7.vamtam.com/wp-content/themes/f7/vamtam/assets/css/dist/responsive/layout-small32a9.css]
[f7.vamtam.com/wp-content/cache/min/1/wp-content/themes/f7/vamtam/assets/css/dist/responsive/wc-small-screen83f9.css]
[f7.vamtam.com/wp-content/plugins/elementor/assets/lib/font-awesome/css/fontawesome.min9e0b.css]
[f7.vamtam.com/wp-content/cache/min/1/wp-content/plugins/elementor/assets/lib/font-awesome/css/brands.mincd4f.css]
[f7.vamtam.com/wp-content/themes/f7/vamtam/assets/images/blob-mask-slider-1.svg]
[f7.vamtam.com/wp-content/uploads/elementor/custom-icons/theme-icons/fonts/theme-icons37c1.ttf]
[f7.vamtam.com/wp-content/uploads/elementor/custom-icons/theme-icons/fonts/theme-icons37c1.woff]
[f7.vamtam.com/wp-content/cache/min/1/wp-content/uploads/elementor/custom-icons/theme-icons/style83f9.css]
[f7.vamtam.com/wp-content/cache/min/1/wp-content/plugins/elementor/assets/lib/font-awesome/css/solid.mincd4f.css]
[f7.vamtam.com/wp-content/uploads/2020/12/logo.svg]
[f7.vamtam.com/wp-content/uploads/elementor/custom-icons/theme-icons/fonts/theme-icons37c1.svg]
[f7.vamtam.com/wp-content/cache/min/1/wp-content/uploads/elementor/css/post-75821e08.css]
[f7.vamtam.com/wp-content/cache/min/1/wp-content/uploads/elementor/css/post-89761e08.css]
[f7.vamtam.com/wp-content/cache/min/1/wp-content/uploads/elementor/css/post-104401e08.css]
[f7.vamtam.com/wp-json/wp/v2/pages/7582.json]
[f7.vamtam.com/wp-content/uploads/2020/12/logo-white.svg]
[f7.vamtam.com/wp-content/uploads/2021/02/Play-1.svg]
[f7.vamtam.com/wp-content/uploads/2021/02/iStock-657773506.jpg]
[f7.vamtam.com/wp-content/uploads/2021/02/iStock-1264469610-Copy.jpg]
[f7.vamtam.com/wp-content/uploads/2021/02/john-fornander-lgIe-hgASXE-unsplash.jpg]
[f7.vamtam.com/wp-content/uploads/2021/02/vitalii-pavlyshynets-kcRFW-Hje8Y-unsplash.jpg]
[f7.vamtam.com/2021/02/15/can-you-build-muscle-with-smaller-weights/index.html]
[f7.vamtam.com/2021/02/15/why-you-need-a-personal-dietary-approach/index.html]
[f7.vamtam.com/wp-content/uploads/2021/02/iStock-845877576-3.jpg]
[f7.vamtam.com/2021/02/15/48-days-body-transformation-with-jorge/index.html]
[f7.vamtam.com/cdn-cgi/l/email-protection.html]
[f7.vamtam.com/cdn-cgi/scripts/5c5dd728/cloudflare-static/email-decode.min.js]
[f7.vamtam.com/home-2/index.html]
[f7.vamtam.com/wp-content/cache/min/1/wp-content/uploads/elementor/css/post-167691e08.css]
[f7.vamtam.com/wp-content/cache/min/1/wp-content/uploads/elementor/css/post-143831e6.css]
[f7.vamtam.com/wp-json/wp/v2/pages/1438.json]
[f7.vamtam.com/membership/index.html]
[f7.vamtam.com/shop.html]
[f7.vamtam.com/wp-content/cache/min/1/wp-content/uploads/elementor/css/post-144031e6.css]
[f7.vamtam.com/wp-json/wp/v2/pages/1440.json]
[f7.vamtam.com/wp-content/uploads/2021/01/jan-laugesen-4UbSaPKGRqc-unsplash.jpg]
[f7.vamtam.com/wp-content/uploads/2021/01/ambitious-creative-co-rick-barrett-HO4JNVJWS1w-unsplash.jpg]
[f7.vamtam.com/wp-content/uploads/2021/01/alina-chernysheva-JA2S6sJWleg-unsplash.jpg]
[f7.vamtam.com/wp-content/uploads/2021/01/brett-jordan-NAENofLAWjE-unsplash.jpg]
[f7.vamtam.com/about/index.html]
[f7.vamtam.com/about.html]
[f7.vamtam.com/wp-content/cache/min/1/wp-content/uploads/elementor/css/post-16159431.css]
[f7.vamtam.com/wp-json/wp/v2/pages/1615.json]
[f7.vamtam.com/christina-wheeler.html]
[f7.vamtam.com/alvin-summers/index.html]
[f7.vamtam.com/betty-sanders/index.html]
[f7.vamtam.com/melvin-jones.html]
[f7.vamtam.com/oscar-williamson/index.html]
[f7.vamtam.com/charlie-andrews.html]
[f7.vamtam.com/joe-harmon/index.html]
[f7.vamtam.com/daisy-newman.html]
[f7.vamtam.com/stella-adkins.html]
[f7.vamtam.com/team/index.html]
[f7.vamtam.com/alan-mcbride.html]
[f7.vamtam.com/wp-content/cache/min/1/wp-content/uploads/elementor/css/post-14477a9a.css]
[f7.vamtam.com/wp-json/wp/v2/pages/1447.json]
[f7.vamtam.com/wp-content/uploads/2021/02/dane-wetton-t1NEMSm1rgI-unsplash.jpg]
[f7.vamtam.com/wp-content/uploads/2021/02/karsten-winegeart-WO_th3WRJvw-unsplash.jpg]
[f7.vamtam.com/wp-content/uploads/2021/02/dusan-jovic-B3fgTrrgsiI-unsplash.jpg]
[f7.vamtam.com/wp-content/uploads/2020/12/madison-lavern-4gcqRf3-f2I-unsplash.jpg]
[f7.vamtam.com/wp-content/uploads/2020/12/iStock-1187422446.jpg]
[f7.vamtam.com/wp-content/uploads/2020/12/sergio-pedemonte-rZmCg1_QOYQ-unsplash.jpg]
[f7.vamtam.com/wp-content/uploads/2021/02/nathan-dumlao-wOj3FccboSU-unsplash.jpg]
[f7.vamtam.com/wp-content/uploads/2020/12/jonathan-borba-VgZsyPiZLKw-unsplash-scaled.jpg]
[f7.vamtam.com/wp-content/uploads/2020/12/iStock-500284593.jpg]
[f7.vamtam.com/reviews/index.html]
[f7.vamtam.com/wp-content/cache/min/1/wp-content/uploads/elementor/css/post-1449879a.css]
[f7.vamtam.com/contact/index.html]
[f7.vamtam.com/wp-json/wp/v2/pages/1449.json]
[f7.vamtam.com/wp-content/cache/min/1/wp-content/uploads/elementor/css/post-1855081e9.css]
[f7.vamtam.com/wp-json/wp/v2/pages/18550.json]
[f7.vamtam.com/schedules/index.html]
[f7.vamtam.com/boxing.html]
[f7.vamtam.com/yoga-pilates/index.html]
[f7.vamtam.com/wp-content/cache/min/1/wp-content/uploads/elementor/css/post-1451879a.css]
[f7.vamtam.com/covid-19/index.html]
[f7.vamtam.com/wp-json/wp/v2/pages/1451.json]
[f7.vamtam.com/wp-content/cache/min/1/wp-content/uploads/elementor/css/post-162055cc.css]
[f7.vamtam.com/wp-json/wp/v2/pages/1620.json]
[f7.vamtam.com/wp-content/uploads/2021/02/element5-digital-7QYd1VxLRbM-unsplash.jpg]
[f7.vamtam.com/wp-content/uploads/2021/02/ziphaus-Azht_HvGD5c-unsplash.jpg]
[f7.vamtam.com/wp-content/uploads/2021/02/joanie-simon-2r8BzVYZIeo-unsplash.jpg]
[f7.vamtam.com/wp-content/uploads/2021/02/gordon-cowie-ohQiBoCqViM-unsplash.jpg]
[f7.vamtam.com/wp-content/uploads/2021/02/bruce-mars-tj27cwu86Wk-unsplash.jpg]
[f7.vamtam.com/wp-content/uploads/2021/02/erol-ahmed-C6JhUKs9q8M-unsplash.jpg]
[f7.vamtam.com/blog.html]
[f7.vamtam.com/blog/index.html]
[f7.vamtam.com/2021/02/07/why-breathwork-matters-in-your-workout/index.html]
[f7.vamtam.com/2021/02/07/jump-for-joy-with-this-leap-year-hiit-workout/index.html]
[f7.vamtam.com/wp-content/cache/min/1/wp-content/uploads/elementor/css/post-5739a6a2.css]
[f7.vamtam.com/2021/02/07/full-body-chair-workout-for-every-fitness-level/index.html]
[f7.vamtam.com/2021/02/07/5-tips-to-build-a-daily-movement-routine/index.html]
[f7.vamtam.com/2021/02/07/how-to-work-out-safely-with-a-friend/index.html]
[f7.vamtam.com/2021/02/07/5-minute-stress-reliever-bodyweight-workout/index.html]
[f7.vamtam.com/2021/02/07/how-to-eat-for-better-emotional-health/index.html]
[f7.vamtam.com/wp-json/wp/v2/pages/5739.json]
[f7.vamtam.com/wp-content/uploads/2021/03/istockphoto-521787665-2048x2048-1.jpg]
[f7.vamtam.com/wp-content/uploads/2021/03/istockphoto-845877576-2048x2048-1.jpg]
[f7.vamtam.com/wp-content/uploads/2021/03/istockphoto-514518424-2048x2048-1.jpg]
[f7.vamtam.com/stories/index.html]
[f7.vamtam.com/wp-content/cache/min/1/wp-content/uploads/elementor/css/post-146662881.css]
[f7.vamtam.com/wp-json/wp/v2/pages/14666.json]
[f7.vamtam.com/product/protein-shake-biscuits/index.html]
[f7.vamtam.com/wp-content/uploads/2021/02/ctrl-a-meal-replacement-X9PHLK8ibyU-unsplash-1-315x315.jpg]
[f7.vamtam.com/wp-content/uploads/2021/03/ctrl-a-meal-replacement-6k4xq51ZOdY-unsplash1-315x315.jpg]
[f7.vamtam.com/product/protein-shake-vegan/index.html]
[f7.vamtam.com/wp-content/uploads/2021/02/ctrl-a-meal-replacement-AvwKOFYRorA-unsplash-1-315x315.jpg]
[f7.vamtam.com/product/protein-shake-fruity/index.html]
[f7.vamtam.com/wp-content/uploads/2021/02/ctrl-a-meal-replacement-6k4xq51ZOdY-unsplash-1-315x315.jpg]
[f7.vamtam.com/shop-2/index73eb.html]
[f7.vamtam.com/wp-content/uploads/2021/02/the-creative-exchange-pkSUvEebhSE-unsplash-1-315x315.jpg]
[f7.vamtam.com/product/protein-shake-cinnamon/index.html]
[f7.vamtam.com/shop-2/index6081.html]
[f7.vamtam.com/wp-content/uploads/2021/02/devin-avery-46n1T0BMKUM-unsplash-1-315x315.jpg]
[f7.vamtam.com/shop-2/indexaef8.html]
[f7.vamtam.com/product/protein-bar-chocolate/index.html]
[f7.vamtam.com/wp-content/uploads/2021/02/humphrey-muleba-ZqO46bkl8MQ-unsplash-1-315x315.jpg]
[f7.vamtam.com/shop-2/index5dcf.html]
[f7.vamtam.com/wp-content/uploads/2021/02/lyfe-fuel-C05u9Xh37to-unsplash-1-315x315.jpg]
[f7.vamtam.com/product/protein-shake-fruity-2/index.html]
[f7.vamtam.com/product/protein-water-blueberry/index.html]
[f7.vamtam.com/shop-2/index5595.html]
[f7.vamtam.com/wp-content/uploads/2021/02/ctrl-a-meal-replacement-t8I8L4JHCPE-unsplash-1-315x315.jpg]
[f7.vamtam.com/shop-2/indexfb13.html]
[f7.vamtam.com/product/protein-shake-strawberry/index.html]
[f7.vamtam.com/wp-content/uploads/2021/02/ctrl-a-meal-replacement-pUmVQ3Pzrwo-unsplash-1-315x315.jpg]
[f7.vamtam.com/product/sport-bottle/index.html]
[f7.vamtam.com/shop-2/indexa7e6.html]
[f7.vamtam.com/wp-content/uploads/2021/02/ctrl-a-meal-replacement-baCwq7-mZrQ-unsplash-1-315x315.jpg]
[f7.vamtam.com/product/sport-bottle-3/index.html]
[f7.vamtam.com/shop-2/index5c26.html]
[f7.vamtam.com/wp-content/uploads/2021/03/joan-tran-reEySFadyJQ-unsplash-315x315.jpg]
[f7.vamtam.com/shop-2/index.html]
[f7.vamtam.com/shop-2/index330b.html]
[f7.vamtam.com/product/sport-bottle-2/index.html]
[f7.vamtam.com/membership.html]
[f7.vamtam.com/product/sport-bottle-4/index.html]
[f7.vamtam.com/shop-2/indexbbf8.html]
[f7.vamtam.com/shop-2/index81db.html]
[f7.vamtam.com/shop-2/indexc4a3.html]
[f7.vamtam.com/wp-content/cache/min/1/wp-content/uploads/elementor/css/post-1428d0f6.css]
[f7.vamtam.com/wp-json/wp/v2/pages/1428.json]
[f7.vamtam.com/high-intensity-training.html]
[f7.vamtam.com/classes/call-to-action.class]
[f7.vamtam.com/crossfit.html]
[f7.vamtam.com/yoga-pilates.html]
[f7.vamtam.com/group-battlebox.html]
[f7.vamtam.com/group-crossfit.html]
[f7.vamtam.com/group-boxing.html]
[f7.vamtam.com/group-yoga-pilates.html]
[f7.vamtam.com/wp-content/uploads/2021/03/iStock-1248775871.jpg]
[f7.vamtam.com/digital-coaching.html]
[f7.vamtam.com/classes/index.html]
[f7.vamtam.com/team.html]
[f7.vamtam.com/wp-content/cache/min/1/wp-content/uploads/elementor/css/post-1432208a.css]
[f7.vamtam.com/wp-json/wp/v2/pages/1432.json]
[f7.vamtam.com/outdoor-classes/call-to-action.class]
[f7.vamtam.com/wp-content/uploads/2021/03/john-fornander-d2LQwlZXylk-unsplashx2.jpg]
[f7.vamtam.com/outdoor-classes/index.html]
[f7.vamtam.com/wp-content/cache/min/1/wp-content/uploads/elementor/css/post-81359519.css]
[f7.vamtam.com/wp-json/wp/v2/pages/8135.json]
[f7.vamtam.com/group-training/call-to-action.class]
[f7.vamtam.com/group-training/index.html]
[f7.vamtam.com/wp-content/cache/min/1/wp-content/uploads/elementor/css/post-14365da3.css]
[f7.vamtam.com/digital-coaching/index.html]
[f7.vamtam.com/wp-json/wp/v2/pages/1436.json]
[f7.vamtam.com/wp-content/cache/min/1/wp-content/uploads/elementor/css/post-14305da3.css]
[f7.vamtam.com/wp-json/wp/v2/pages/1430.json]
[f7.vamtam.com/contact.html]
[f7.vamtam.com/wp-content/uploads/2021/03/iStock-1142215496.jpg]
[f7.vamtam.com/personal-training/index.html]
[f7.vamtam.com/reviews.html]
[f7.vamtam.com/wp-content/cache/min/1/wp-content/uploads/elementor/css/post-343e1.css]
[f7.vamtam.com/privacy-policy/feed/index.html]
[f7.vamtam.com/privacy-policy/index.html]
[f7.vamtam.com/wp-json/wp/v2/pages/3.json]
[f7.vamtam.com/wp-content/cache/min/1/wp-content/uploads/elementor/css/post-114843e1.css]
[f7.vamtam.com/terms-conditions/index.html]
[f7.vamtam.com/wp-admin/admin-ajax.html]
[f7.vamtam.com/personal-training.html]
[f7.vamtam.com/wp-json/wp/v2/pages/1148.json]
[f7.vamtam.com/call-to-action.class]
[f7.vamtam.com/classes.html]
[f7.vamtam.com/wp-content/cache/min/1/wp-content/uploads/elementor/css/post-221cd4f.css]
[f7.vamtam.com/wp-content/plugins/elementor/assets/lib/flatpickr/flatpickr.mineda1.css]
[f7.vamtam.com/wp-content/cache/min/1/wp-content/uploads/elementor/css/post-235cd4f.css]
[f7.vamtam.com/wp-content/cache/min/1/wp-content/uploads/elementor/css/post-297cd4f.css]
[f7.vamtam.com/wp-content/cache/min/1/wp-content/uploads/elementor/css/post-8984cd4f.css]
[f7.vamtam.com/wp-content/cache/min/1/wp-content/uploads/elementor/css/post-10263cd4f.css]
[f7.vamtam.com/wp-content/cache/min/1/wp-content/uploads/elementor/css/post-8716cd4f.css]
[f7.vamtam.com/wp-content/cache/min/1/wp-content/uploads/elementor/css/post-8727cd4f.css]
[f7.vamtam.com/wp-content/cache/min/1/wp-content/uploads/elementor/css/post-8733cd4f.css]
[f7.vamtam.com/wp-content/cache/min/1/wp-content/uploads/elementor/css/post-5328cd4f.css]
[f7.vamtam.com/wp-content/cache/min/1/wp-content/uploads/elementor/css/post-5519cd4f.css]
[f7.vamtam.com/wp-content/plugins/instagram-feed-pro/css/owl.video.play.html]
[f7.vamtam.com/wp-content/plugins/woocommerce/assets/fonts/star.svg]
[f7.vamtam.com/wp-content/plugins/woocommerce/assets/fonts/WooCommerce.svg]
[f7.vamtam.com/wp-content/plugins/woocommerce/assets/images/icons/loader.svg]
[f7.vamtam.com/wp-content/plugins/woocommerce/assets/images/icons/credit-cards/visa.svg]
[f7.vamtam.com/wp-content/plugins/woocommerce/assets/images/icons/credit-cards/mastercard.svg]
[f7.vamtam.com/wp-content/plugins/woocommerce/assets/images/icons/credit-cards/laser.svg]
[f7.vamtam.com/wp-content/plugins/woocommerce/assets/images/icons/credit-cards/diners.svg]
[f7.vamtam.com/wp-content/plugins/woocommerce/assets/images/icons/credit-cards/maestro.svg]
[f7.vamtam.com/wp-content/plugins/woocommerce/assets/images/icons/credit-cards/jcb.svg]
[f7.vamtam.com/wp-content/plugins/woocommerce/assets/images/icons/credit-cards/amex.svg]
[f7.vamtam.com/wp-content/plugins/woocommerce/assets/images/icons/credit-cards/discover.svg]
[f7.vamtam.com/wp-content/plugins/elementor/assets/lib/eicons/fonts/eicons0b93.svg]
[f7.vamtam.com/wp-content/plugins/elementor/assets/lib/font-awesome/webfonts/fa-brands-400.svg]
[f7.vamtam.com/wp-content/plugins/elementor/assets/lib/font-awesome/webfonts/fa-regular-400.svg]
[f7.vamtam.com/wp-content/plugins/elementor/assets/lib/font-awesome/webfonts/fa-solid-900.svg]
[f7.vamtam.com/wp-content/themes/f7/vamtam/assets/images/blob-mask-slider-bg-1.svg]
[f7.vamtam.com/wp-content/themes/f7/vamtam/assets/images/blob-mask-slider-1.svg]
[f7.vamtam.com/wp-content/uploads/elementor/custom-icons/theme-icons/fonts/theme-icons37c1.svg]
[f7.vamtam.com/wp-content/uploads/2021/03/iStock-655555254-e1614627527508.jpg]
[f7.vamtam.com/wp-content/cache/min/1/wp-content/uploads/elementor/css/post-75821e08.css]
[f7.vamtam.com/wp-content/cache/min/1/wp-content/uploads/elementor/css/post-89761e08.css]
[f7.vamtam.com/wp-content/cache/min/1/wp-content/uploads/elementor/css/post-104401e08.css]
[f7.vamtam.com/index96c6.html]
[f7.vamtam.com/wp-content/uploads/2020/12/logo-white.svg]
[f7.vamtam.com/wp-content/uploads/2021/02/Play-1.svg]
[f7.vamtam.com/wp-content/cache/min/1/wp-content/uploads/elementor/css/post-7916aabb.css]
[f7.vamtam.com/2021/02/15/can-you-build-muscle-with-smaller-weights/feed/index.html]
[f7.vamtam.com/wp-content/cache/min/1/wp-content/uploads/elementor/css/post-105882c5e.css]
[f7.vamtam.com/wp-json/wp/v2/posts/7916.json]
[f7.vamtam.com/2021/02/15/can-you-build-muscle-with-smaller-weights/index.html]
[f7.vamtam.com/wp-content/cache/min/1/wp-content/themes/f7/vamtam/assets/css/dist/blog2c5e.css]
[f7.vamtam.com/wp-content/cache/min/1/wp-content/uploads/elementor/css/post-7911aabb.css]
[f7.vamtam.com/category/fitness/index.html]
[f7.vamtam.com/2021/02/15/index.html]
[f7.vamtam.com/wp-json/wp/v2/posts/7911.json]
[f7.vamtam.com/2021/02/15/why-you-need-a-personal-dietary-approach/index.html]
[f7.vamtam.com/category/workout-routines/index.html]
[f7.vamtam.com/tag/exercise/index.html]
[f7.vamtam.com/category/group-exercise/index.html]
[f7.vamtam.com/tag/fitness/index.html]
[f7.vamtam.com/tag/weight-lifting/index.html]
[f7.vamtam.com/2021/02/15/why-you-need-a-personal-dietary-approach/feed/index.html]
[f7.vamtam.com/wp-content/cache/min/1/wp-content/uploads/elementor/css/post-78972c5e.css]
[f7.vamtam.com/tag/diet/index.html]
[f7.vamtam.com/category/healthy-living/index.html]
[f7.vamtam.com/tag/healthy-eating/index.html]
[f7.vamtam.com/2021/02/15/48-days-body-transformation-with-jorge/feed/index.html]
[f7.vamtam.com/2021/02/15/48-days-body-transformation-with-jorge/index.html]
[f7.vamtam.com/wp-json/wp/v2/posts/7897.json]
[f7.vamtam.com/cdn-cgi/l/email-protection.html]
[f7.vamtam.com/wp-content/cache/min/1/wp-content/uploads/elementor/css/post-167691e08.css]
[f7.vamtam.com/tag/nutrition/index.html]
[f7.vamtam.com/wp-content/cache/min/1/wp-content/uploads/elementor/css/post-143831e6.css]
[f7.vamtam.com/index5c93.html]
[f7.vamtam.com/wp-content/uploads/2021/02/shape-green.svg]
[f7.vamtam.com/tag/transformation/index.html]
[f7.vamtam.com/wp-content/cache/min/1/wp-content/uploads/elementor/css/post-1874393da.css]
[f7.vamtam.com/shop/feed/index.html]
[f7.vamtam.com/wp-content/uploads/2021/02/content-pixie-be-6rpnQ30k-unsplash-1-315x315.jpg]
[f7.vamtam.com/product/kettlebells-20kg/index.html]
[f7.vamtam.com/shop/index0cee.html]
[f7.vamtam.com/shop/index5595.html]
[f7.vamtam.com/shop/index73eb.html]
[f7.vamtam.com/shop/index5dcf.html]
[f7.vamtam.com/shop/index6081.html]
[f7.vamtam.com/shop/indexfb13.html]
[f7.vamtam.com/shop/index5c26.html]
[f7.vamtam.com/shop/indexaef8.html]
[f7.vamtam.com/shop/indexa7e6.html]
[f7.vamtam.com/shop/index330b.html]
[f7.vamtam.com/shop/index81db.html]
[f7.vamtam.com/shop/indexc4a3.html]
[f7.vamtam.com/wp-content/uploads/2021/02/jacob-bentzinger-MThIIpW8rpU-unsplash-1-315x315.jpg]
[f7.vamtam.com/shop.html]
[f7.vamtam.com/wp-content/cache/min/1/wp-content/uploads/elementor/css/post-144031e6.css]
[f7.vamtam.com/indexd728.html]
[f7.vamtam.com/wp-content/cache/min/1/wp-content/uploads/elementor/css/post-16159431.css]
[f7.vamtam.com/indexad4d.html]
[f7.vamtam.com/shop/indexbbf8.html]
[f7.vamtam.com/product/sports-top/index.html]
[f7.vamtam.com/wp-content/cache/min/1/wp-content/uploads/elementor/css/post-566221f4.css]
[f7.vamtam.com/shop/indexf012.html]
[f7.vamtam.com/wp-json/wp/v2/pages/5662.json]
[f7.vamtam.com/wp-content/uploads/2021/02/anastase-maragos-7P5AOnw6cWQ-unsplash.jpg]
[f7.vamtam.com/alvin-summers/index.html]
[f7.vamtam.com/wp-content/cache/min/1/wp-content/uploads/elementor/css/post-56636a07.css]
[f7.vamtam.com/wp-json/wp/v2/pages/5663.json]
[f7.vamtam.com/wp-content/uploads/2021/02/dollar-gill-f9W9svqHpSU-unsplash.jpg]
[f7.vamtam.com/oscar-williamson/index.html]
[f7.vamtam.com/wp-content/cache/min/1/wp-content/uploads/elementor/css/post-558584b7.css]
[f7.vamtam.com/wp-json/wp/v2/pages/5585.json]
[f7.vamtam.com/wp-content/uploads/2021/01/madison-lavern-4gcqRf3-f2I-unsplash.jpg]
[f7.vamtam.com/christina-wheeler.html]
[f7.vamtam.com/christina-wheeler/index.html]
[f7.vamtam.com/wp-content/cache/min/1/wp-content/uploads/elementor/css/post-560177c1.css]
[f7.vamtam.com/wp-json/wp/v2/pages/5601.json]
[f7.vamtam.com/wp-content/uploads/2021/01/thao-le-hoang-y3VjJ9hmnIo-unsplash.jpg]
[f7.vamtam.com/betty-sanders/index.html]
[f7.vamtam.com/wp-content/cache/min/1/wp-content/uploads/elementor/css/post-56152f7a.css]
[f7.vamtam.com/wp-json/wp/v2/pages/5615.json]
[f7.vamtam.com/wp-content/uploads/2021/02/iStock-1040499200.jpg]
[f7.vamtam.com/joe-harmon/index.html]
[f7.vamtam.com/wp-content/cache/min/1/wp-content/uploads/elementor/css/post-5623cbd1.css]
[f7.vamtam.com/wp-json/wp/v2/pages/5623.json]
[f7.vamtam.com/wp-content/uploads/2021/02/john-fornander-d2LQwlZXylk-unsplash.jpg]
[f7.vamtam.com/melvin-jones.html]
[f7.vamtam.com/melvin-jones/index.html]
[f7.vamtam.com/wp-content/cache/min/1/wp-content/uploads/elementor/css/post-56331805.css]
[f7.vamtam.com/wp-json/wp/v2/pages/5633.json]
[f7.vamtam.com/wp-content/uploads/2021/01/iStock-1040500828.jpg]
[f7.vamtam.com/charlie-andrews.html]
[f7.vamtam.com/charlie-andrews/index.html]
[f7.vamtam.com/wp-content/cache/min/1/wp-content/uploads/elementor/css/post-5642314c.css]
[f7.vamtam.com/wp-json/wp/v2/pages/5642.json]
[f7.vamtam.com/wp-content/uploads/2021/01/iStock-1040499306.jpg]
[f7.vamtam.com/daisy-newman.html]
[f7.vamtam.com/daisy-newman/index.html]
[f7.vamtam.com/wp-content/cache/min/1/wp-content/uploads/elementor/css/post-5576e53f.css]
[f7.vamtam.com/wp-json/wp/v2/pages/5576.json]
[f7.vamtam.com/wp-content/uploads/2021/01/iStock-1040500914.jpg]
[f7.vamtam.com/stella-adkins.html]
[f7.vamtam.com/stella-adkins/index.html]
[f7.vamtam.com/wp-content/cache/min/1/wp-content/uploads/elementor/css/post-5654b220.css]
[f7.vamtam.com/wp-json/wp/v2/pages/5654.json]
[f7.vamtam.com/wp-content/uploads/2021/01/iStock-1040495364.jpg]
[f7.vamtam.com/alan-mcbride.html]
[f7.vamtam.com/wp-content/cache/min/1/wp-content/uploads/elementor/css/post-14477a9a.css]
[f7.vamtam.com/indexba9e.html]
[f7.vamtam.com/wp-content/cache/min/1/wp-content/uploads/elementor/css/post-1449879a.css]
[f7.vamtam.com/indexd699.html]
[f7.vamtam.com/wp-content/cache/min/1/wp-content/uploads/elementor/css/post-1855081e9.css]
[f7.vamtam.com/index742d.html]
[f7.vamtam.com/alan-mcbride/index.html]
[f7.vamtam.com/wp-content/cache/min/1/wp-content/uploads/elementor/css/post-455219e7.css]
[f7.vamtam.com/wp-json/wp/v2/pages/4552.json]
[f7.vamtam.com/betty-sanders.html]
[f7.vamtam.com/wp-content/uploads/2021/01/review-2-andrew-donovan-valdivia-LSPTjgbZHoQ-unsplash.jpg]
[f7.vamtam.com/boxing/index.html]
[f7.vamtam.com/wp-content/uploads/2020/12/dane-wetton-t1NEMSm1rgI-unsplash.jpg]
[f7.vamtam.com/wp-content/cache/min/1/wp-content/uploads/elementor/css/post-36070b20.css]
[f7.vamtam.com/wp-content/cache/min/1/wp-content/uploads/elementor/css/post-36470b20.css]
[f7.vamtam.com/boxing.html]
[f7.vamtam.com/wp-content/cache/min/1/wp-content/uploads/elementor/css/post-36520b20.css]
[f7.vamtam.com/wp-content/cache/min/1/wp-content/uploads/elementor/css/post-3838e2e5.css]
[f7.vamtam.com/yoga-pilates/index.html]
[f7.vamtam.com/wp-content/cache/min/1/wp-content/uploads/elementor/css/post-1451879a.css]
[f7.vamtam.com/index01b9.html]
[f7.vamtam.com/wp-content/cache/min/1/wp-content/uploads/elementor/css/post-162055cc.css]
[f7.vamtam.com/index8df3.html]
[f7.vamtam.com/wp-json/wp/v2/pages/3838.json]
[f7.vamtam.com/wp-content/cache/min/1/wp-content/uploads/elementor/css/post-5930a5da.css]
[f7.vamtam.com/2021/02/07/jump-for-joy-with-this-leap-year-hiit-workout/feed/index.html]
[f7.vamtam.com/wp-json/wp/v2/posts/5930.json]
[f7.vamtam.com/2021/02/07/jump-for-joy-with-this-leap-year-hiit-workout/index.html]
[f7.vamtam.com/wp-includes/js/comment-reply.mina78f.js]
[f7.vamtam.com/wp-content/cache/min/1/wp-content/uploads/elementor/css/post-58995d9a.css]
[f7.vamtam.com/2021/02/07/index.html]
[f7.vamtam.com/tag/daily-routine/index.html]
[f7.vamtam.com/tag/tips-and-tricks/index.html]
[f7.vamtam.com/2021/02/07/why-breathwork-matters-in-your-workout/feed/index.html]
[f7.vamtam.com/2021/02/07/why-breathwork-matters-in-your-workout/index.html]
[f7.vamtam.com/wp-json/wp/v2/posts/5899.json]
[f7.vamtam.com/2021/02/07/muscle-confusion-myth-and-science/index.html]
[f7.vamtam.com/tag/routine/index.html]
[f7.vamtam.com/2021/02/07/5-tips-to-build-a-daily-movement-routine/feed/index.html]
[f7.vamtam.com/wp-content/cache/min/1/wp-content/uploads/elementor/css/post-590271aa.css]
[f7.vamtam.com/tag/workouts/index.html]
[f7.vamtam.com/2021/02/07/5-tips-to-build-a-daily-movement-routine/index.html]
[f7.vamtam.com/wp-json/wp/v2/posts/5902.json]
[f7.vamtam.com/2021/02/07/5-minute-stress-reliever-bodyweight-workout/feed/index.html]
[f7.vamtam.com/wp-content/cache/min/1/wp-content/uploads/elementor/css/post-5911c035.css]
[f7.vamtam.com/2021/02/07/5-minute-stress-reliever-bodyweight-workout/index.html]
[f7.vamtam.com/wp-json/wp/v2/posts/5911.json]
[f7.vamtam.com/2021/02/07/full-body-chair-workout-for-every-fitness-level/feed/index.html]
[f7.vamtam.com/wp-content/cache/min/1/wp-content/uploads/elementor/css/post-5918febc.css]
[f7.vamtam.com/2021/02/07/full-body-chair-workout-for-every-fitness-level/index.html]
[f7.vamtam.com/wp-json/wp/v2/posts/5918.json]
[f7.vamtam.com/2021/02/07/how-to-work-out-safely-with-a-friend/feed/index.html]
[f7.vamtam.com/wp-content/cache/min/1/wp-content/uploads/elementor/css/post-592467ee.css]
[f7.vamtam.com/tag/build-muscle/index.html]
[f7.vamtam.com/2021/02/07/how-to-work-out-safely-with-a-friend/index.html]
[f7.vamtam.com/wp-json/wp/v2/posts/5924.json]
[f7.vamtam.com/wp-content/cache/min/1/wp-content/uploads/elementor/css/post-5839a7ab.css]
[f7.vamtam.com/tag/guidance/index.html]
[f7.vamtam.com/2021/02/07/how-to-eat-for-better-emotional-health/feed/index.html]
[f7.vamtam.com/2021/02/07/how-to-eat-for-better-emotional-health/index.html]
[f7.vamtam.com/wp-content/cache/min/1/wp-content/uploads/elementor/css/post-5739a6a2.css]
[f7.vamtam.com/indexa016.html]
[f7.vamtam.com/wp-json/wp/v2/posts/5839.json]
[f7.vamtam.com/wp-content/uploads/2021/03/ctrl-a-meal-replacement-X9PHLK8ibyU-unsplash-1.jpg]
[f7.vamtam.com/wp-content/cache/min/1/wp-content/uploads/elementor/css/post-146662881.css]
[f7.vamtam.com/index1272.html]
[f7.vamtam.com/wp-content/cache/min/1/wp-content/uploads/elementor/css/post-6268da5f.css]
[f7.vamtam.com/product/protein-shake-biscuits/feed/index.html]
[f7.vamtam.com/tag/fitness-foods/index.html]
[f7.vamtam.com/wp-json/wp/v2/product/6256.json]
[f7.vamtam.com/shop-2.html]
[f7.vamtam.com/wp-content/uploads/2021/02/ctrl-a-meal-replacement-X9PHLK8ibyU-unsplash-1.jpg]
[f7.vamtam.com/wp-content/plugins/woocommerce/assets/js/flexslider/jquery.flexslider.mineed8.js]
[f7.vamtam.com/wp-content/plugins/woocommerce/assets/js/frontend/single-product.minbb49.js]
[f7.vamtam.com/product/protein-shake-biscuits/index.html]
[f7.vamtam.com/product-tag/drink/index.html]
[f7.vamtam.com/product-category/new/index.html]
[f7.vamtam.com/product-tag/fittness/index.html]
[f7.vamtam.com/product-category/sport/index.html]
[f7.vamtam.com/product-tag/protein-shake/index.html]
[f7.vamtam.com/wp-content/plugins/woocommerce/packages/woocommerce-blocks/build/vendors-stylee100.css]
[f7.vamtam.com/product-tag/sport/index.html]
[f7.vamtam.com/wp-content/plugins/woocommerce/packages/woocommerce-blocks/build/stylee100.css]
[f7.vamtam.com/product/protein-shake-biscuits/index6081.html]
[f7.vamtam.com/wp-content/plugins/woocommerce/assets/css/woocommerce-layoutbb49.css]
[f7.vamtam.com/wp-content/plugins/woocommerce/assets/css/woocommerce-smallscreenbb49.css]
[f7.vamtam.com/wp-content/plugins/woocommerce/assets/css/woocommercebb49.css]
[f7.vamtam.com/product/protein-shake-biscuits/indexfb13.html]
[f7.vamtam.com/wp-content/plugins/elementor/assets/css/frontend.mindeae.css]
[f7.vamtam.com/product/protein-shake-biscuits/indexbbf8.html]
[f7.vamtam.com/wp-content/uploads/elementor/css/post-42054.css]
[f7.vamtam.com/wp-content/plugins/elementor/assets/lib/font-awesome/css/all.mindeae.css]
[f7.vamtam.com/wp-content/uploads/elementor/css/post-146665dbd.css]
[f7.vamtam.com/wp-content/uploads/elementor/css/post-16668ffc7.css]
[f7.vamtam.com/wp-content/uploads/elementor/css/post-2845291.css]
[f7.vamtam.com/wp-content/uploads/elementor/css/post-3237ffc7.css]
[f7.vamtam.com/wp-content/themes/f7/vamtam/assets/css/dist/all32a9.css]
[f7.vamtam.com/wp-content/themes/f7/vamtam/assets/css/dist/woocommerce/main32a9.css]
[f7.vamtam.com/product/protein-shake-biscuits/indexc4a3.html]
[f7.vamtam.com/wp-content/themes/f7/vamtam/assets/css/dist/responsive/wc-small-screen32a9.css]
[f7.vamtam.com/wp-content/uploads/elementor/custom-icons/theme-icons/style8a54.css]
[f7.vamtam.com/wp-content/plugins/elementor/assets/lib/font-awesome/css/brands.min9e0b.css]
[scontent-dfw5-1.cdninstagram.com/v/t51.29350-15/149831343_1830194480492346_1323700148335757677_n8723.jpg]
[f7.vamtam.com/cart/index.html]
[scontent-dfw5-1.cdninstagram.com/v/t51.29350-15/150259960_768315154083827_7650690820195578462_n8d9e.jpg]
[f7.vamtam.com/wp-content/uploads/elementor/css/post-5328a14e.css]
[f7.vamtam.com/shop-2/index73eb.html]
[f7.vamtam.com/wp-content/uploads/elementor/css/post-5519a14e.css]
[f7.vamtam.com/wp-json/wp/v2/product/14712.json]
[f7.vamtam.com/wp-content/uploads/2021/03/ctrl-a-meal-replacement-6k4xq51ZOdY-unsplash1.jpg]
[f7.vamtam.com/product/protein-shake-vegan/index.html]
[f7.vamtam.com/shop-2/indexaef8.html]
[f7.vamtam.com/product/protein-shake-vegan/index5595.html]
[f7.vamtam.com/product/protein-shake-vegan/index5c26.html]
[f7.vamtam.com/product/protein-shake-vegan/index5dcf.html]
[f7.vamtam.com/wp-json/wp/v2/product/6231.json]
[f7.vamtam.com/wp-content/uploads/2021/02/ctrl-a-meal-replacement-AvwKOFYRorA-unsplash-1.jpg]
[f7.vamtam.com/product/protein-shake-vegan/indexf012.html]
[f7.vamtam.com/wp-content/uploads/2021/02/ctrl-a-meal-replacement-baCwq7-mZrQ-unsplash-1.jpg]
[f7.vamtam.com/wp-content/uploads/2021/02/ctrl-a-meal-replacement-t8I8L4JHCPE-unsplash-1.jpg]
[f7.vamtam.com/product/protein-shake-fruity/index.html]
[f7.vamtam.com/product/protein-shake-fruity/index5c26.html]
[f7.vamtam.com/shop-2/index6081.html]
[f7.vamtam.com/product/protein-shake-fruity/indexfb13.html]
[f7.vamtam.com/product/protein-shake-fruity/indexaef8.html]
[f7.vamtam.com/product/protein-shake-fruity/indexf012.html]
[f7.vamtam.com/wp-json/wp/v2/product/6236.json]
[f7.vamtam.com/wp-content/uploads/2021/02/ctrl-a-meal-replacement-6k4xq51ZOdY-unsplash-1.jpg]
[f7.vamtam.com/product/protein-shake-cinnamon/index.html]
[f7.vamtam.com/product/protein-shake-cinnamon/index73eb.html]
[f7.vamtam.com/shop-2/index5dcf.html]
[f7.vamtam.com/product/protein-shake-cinnamon/indexfb13.html]
[f7.vamtam.com/product/protein-shake-cinnamon/indexbbf8.html]
[f7.vamtam.com/product/protein-shake-cinnamon/index81db.html]
[f7.vamtam.com/wp-json/wp/v2/product/6243.json]
[f7.vamtam.com/wp-content/uploads/2021/02/the-creative-exchange-pkSUvEebhSE-unsplash-1.jpg]
[f7.vamtam.com/product/protein-bar-chocolate/index.html]
[f7.vamtam.com/shop-2/index5595.html]
[f7.vamtam.com/product-category/sports-nutrition/index.html]
[f7.vamtam.com/product-tag/energy-bar/index.html]
[f7.vamtam.com/wp-json/wp/v2/product/6252.json]
[f7.vamtam.com/product-tag/protein-bar/index.html]
[f7.vamtam.com/product/protein-bar-chocolate/index73eb.html]
[f7.vamtam.com/wp-content/uploads/2021/02/devin-avery-46n1T0BMKUM-unsplash-1.jpg]
[f7.vamtam.com/product/protein-shake-fruity-2/index.html]
[f7.vamtam.com/product/protein-bar-chocolate/indexaef8.html]
[f7.vamtam.com/shop-2/indexfb13.html]
[f7.vamtam.com/product/protein-shake-fruity-2/index73eb.html]
[f7.vamtam.com/product/protein-bar-chocolate/indexc4a3.html]
[f7.vamtam.com/product/protein-bar-chocolate/index6081.html]
[f7.vamtam.com/product/protein-shake-fruity-2/indexa7e6.html]
[f7.vamtam.com/product/protein-shake-fruity-2/index0cee.html]
[f7.vamtam.com/wp-json/wp/v2/product/6254.json]
[f7.vamtam.com/wp-content/uploads/2021/02/humphrey-muleba-ZqO46bkl8MQ-unsplash-1.jpg]
[f7.vamtam.com/product/protein-water-blueberry/index.html]
[f7.vamtam.com/product/protein-shake-fruity-2/index330b.html]
[f7.vamtam.com/shop-2/indexa7e6.html]
[f7.vamtam.com/product/protein-water-blueberry/index73eb.html]
[f7.vamtam.com/product/protein-water-blueberry/index6081.html]
[f7.vamtam.com/product/protein-water-blueberry/indexaef8.html]
[f7.vamtam.com/wp-json/wp/v2/product/6238.json]
[f7.vamtam.com/wp-content/uploads/2021/02/lyfe-fuel-C05u9Xh37to-unsplash-1.jpg]
[f7.vamtam.com/product/protein-shake-strawberry/index.html]
[f7.vamtam.com/shop-2/index5c26.html]
[f7.vamtam.com/product/protein-water-blueberry/index5c26.html]
[f7.vamtam.com/product/protein-shake-strawberry/indexf012.html]
[f7.vamtam.com/product/protein-shake-strawberry/index5dcf.html]
[f7.vamtam.com/product/protein-shake-strawberry/indexfb13.html]
[f7.vamtam.com/product/protein-shake-strawberry/index81db.html]
[f7.vamtam.com/product/sport-bottle/index.html]
[f7.vamtam.com/wp-json/wp/v2/product/6224.json]
[f7.vamtam.com/product-tag/bodybuilding/index.html]
[f7.vamtam.com/shop-2/index330b.html]
[f7.vamtam.com/product-category/bottle/index.html]
[f7.vamtam.com/product-tag/bottle/index.html]
[f7.vamtam.com/product-tag/life-time-warranty/index.html]
[f7.vamtam.com/product/sport-bottle/index6081.html]
[f7.vamtam.com/wp-json/wp/v2/product/6250.json]
[f7.vamtam.com/product/sport-bottle/indexfb13.html]
[f7.vamtam.com/product/sport-bottle/index5dcf.html]
[f7.vamtam.com/product/sport-bottle/index81db.html]
[f7.vamtam.com/wp-content/uploads/2021/02/ctrl-a-meal-replacement-pUmVQ3Pzrwo-unsplash-1.jpg]
[f7.vamtam.com/product/sport-bottle-3/index.html]
[f7.vamtam.com/shop-2/indexbbf8.html]
[f7.vamtam.com/product/sport-bottle-3/index5595.html]
[f7.vamtam.com/product/sport-bottle-3/indexf012.html]
[f7.vamtam.com/product/sport-bottle-3/index6081.html]
[f7.vamtam.com/product/sport-bottle-3/index330b.html]
[f7.vamtam.com/product/sport-bottle-2/index.html]
[f7.vamtam.com/wp-json/wp/v2/product/6234.json]
[f7.vamtam.com/shop-2/index81db.html]
[f7.vamtam.com/product/sport-bottle-2/indexaef8.html]
[f7.vamtam.com/product/sport-bottle-2/index6081.html]
[f7.vamtam.com/product/sport-bottle-2/index5595.html]
[f7.vamtam.com/product/sport-bottle-2/index0cee.html]
[f7.vamtam.com/wp-json/wp/v2/product/14691.json]
[f7.vamtam.com/wp-content/uploads/2021/03/joan-tran-reEySFadyJQ-unsplash.jpg]
[f7.vamtam.com/product/sport-bottle-4/index.html]
[f7.vamtam.com/shop-2/indexc4a3.html]
[f7.vamtam.com/product/sport-bottle-4/index5dcf.html]
[f7.vamtam.com/wp-content/cache/min/1/wp-content/uploads/elementor/css/post-1428d0f6.css]
[f7.vamtam.com/product/sport-bottle-4/index6081.html]
[f7.vamtam.com/product/sport-bottle-4/indexaef8.html]
[f7.vamtam.com/index6670.html]
[f7.vamtam.com/product/sport-bottle-4/indexbbf8.html]
[f7.vamtam.com/wp-content/cache/min/1/wp-content/uploads/elementor/css/post-45018141.css]
[f7.vamtam.com/wp-json/wp/v2/pages/4501.json]
[f7.vamtam.com/high-intensity-training.html]
[f7.vamtam.com/classes/call-to-action.html]
[f7.vamtam.com/joe-harmon.html]
[f7.vamtam.com/high-intensity-training/index.html]
[f7.vamtam.com/wp-content/cache/min/1/wp-content/uploads/elementor/css/post-32590b20.css]
[f7.vamtam.com/crossfit.html]
[f7.vamtam.com/yoga-pilates.html]
[f7.vamtam.com/wp-json/wp/v2/pages/3259.json]
[f7.vamtam.com/crossfit/index.html]
[f7.vamtam.com/wp-content/cache/min/1/wp-content/uploads/elementor/css/post-4564ec7d.css]
[f7.vamtam.com/wp-json/wp/v2/pages/4564.json]
[f7.vamtam.com/alvin-summers.html]
[f7.vamtam.com/group-battlebox/index.html]
[f7.vamtam.com/group-battlebox.html]
[f7.vamtam.com/oscar-williamson.html]
[f7.vamtam.com/wp-content/cache/min/1/wp-content/uploads/elementor/css/post-14345bab.css]
[f7.vamtam.com/group-crossfit.html]
[f7.vamtam.com/wp-json/wp/v2/pages/1434.json]
[f7.vamtam.com/group-crossfit/index.html]
[f7.vamtam.com/wp-content/cache/min/1/wp-content/uploads/elementor/css/post-3556f87b.css]
[f7.vamtam.com/group-boxing.html]
[f7.vamtam.com/wp-json/wp/v2/pages/3556.json]
[f7.vamtam.com/group-boxing/index.html]
[f7.vamtam.com/wp-content/cache/min/1/wp-content/uploads/elementor/css/post-8160292f.css]
[f7.vamtam.com/group-yoga-pilates.html]
[f7.vamtam.com/digital-coaching.html]
[f7.vamtam.com/team.html]
[f7.vamtam.com/wp-content/cache/min/1/wp-content/uploads/elementor/css/post-1432208a.css]
[f7.vamtam.com/indexac80.html]
[f7.vamtam.com/outdoor-classes/call-to-action.html]
[f7.vamtam.com/wp-content/cache/min/1/wp-content/uploads/elementor/css/post-81359519.css]
[f7.vamtam.com/index8df4.html]
[f7.vamtam.com/group-training/call-to-action.html]
[f7.vamtam.com/wp-json/wp/v2/pages/8160.json]
[f7.vamtam.com/group-yoga-pilates/index.html]
[f7.vamtam.com/wp-content/uploads/2021/02/iStock-1248775871.jpg]
[f7.vamtam.com/wp-content/cache/min/1/wp-content/uploads/elementor/css/post-14365da3.css]
[f7.vamtam.com/indexc339.html]
[f7.vamtam.com/wp-content/uploads/2021/03/iStock-1063813258-1-scaled.jpg]
[f7.vamtam.com/wp-content/cache/min/1/wp-content/uploads/elementor/css/post-14305da3.css]
[f7.vamtam.com/indexb988.html]
[f7.vamtam.com/contact.html]
[f7.vamtam.com/xmlrpc.php]
[f7.vamtam.com/wp-content/cache/min/1/wp-content/uploads/elementor/css/post-343e1.css]
[f7.vamtam.com/index2207.html]
[f7.vamtam.com/wp-content/cache/min/1/wp-content/uploads/elementor/css/post-114843e1.css]
[f7.vamtam.com/index6ca6.html]
[f7.vamtam.com/call-to-action.html]
[f7.vamtam.com/wp-content/cache/min/1/wp-content/uploads/elementor/css/post-7916aabb.css]
[f7.vamtam.com/wp-content/cache/min/1/wp-content/uploads/elementor/css/post-105882c5e.css]
[f7.vamtam.com/index0177.html]
[f7.vamtam.com/wp-content/cache/min/1/wp-content/themes/f7/vamtam/assets/css/dist/blog2c5e.css]
[f7.vamtam.com/wp-content/cache/min/1/wp-content/uploads/elementor/css/post-58311c7b.css]
[f7.vamtam.com/2021/02/15/index.html]
[f7.vamtam.com/category/fitness/index.html]
[f7.vamtam.com/wp-json/wp/v2/categories/33.json]
[f7.vamtam.com/category/fitness/feed/index.html]
[f7.vamtam.com/wp-json/wp/v2/categories/34.json]
[f7.vamtam.com/wp-content/uploads/2021/02/sam-moqadam-W8CyjblrF8U-unsplash-1.jpg]
[f7.vamtam.com/category/group-exercise/index.html]
[f7.vamtam.com/category/group-exercise/feed/index.html]
[f7.vamtam.com/category/workout-routines/index.html]
[f7.vamtam.com/wp-json/wp/v2/categories/32.json]
[f7.vamtam.com/category/workout-routines/feed/index.html]
[f7.vamtam.com/2021/02/07/workout-buddies-make-each-other-stronger/index.html]
[f7.vamtam.com/wp-json/wp/v2/tags/43.json]
[f7.vamtam.com/tag/exercise/feed/index.html]
[f7.vamtam.com/wp-content/uploads/2021/02/damir-spanic-22L7do1cOho-unsplash.jpg]
[f7.vamtam.com/tag/exercise/index.html]
[f7.vamtam.com/tag/fitness/index.html]
[f7.vamtam.com/wp-json/wp/v2/tags/40.json]
[f7.vamtam.com/tag/fitness/feed/index.html]
[f7.vamtam.com/tag/weight-lifting/index.html]
[f7.vamtam.com/wp-content/cache/min/1/wp-content/uploads/elementor/css/post-7911aabb.css]
[f7.vamtam.com/index3b50.html]
[f7.vamtam.com/wp-json/wp/v2/tags/69.json]
[f7.vamtam.com/tag/weight-lifting/feed/index.html]
[f7.vamtam.com/category/healthy-living/index.html]
[f7.vamtam.com/wp-json/wp/v2/categories/31.json]
[f7.vamtam.com/category/healthy-living/feed/index.html]
[f7.vamtam.com/tag/diet/index.html]
[f7.vamtam.com/wp-json/wp/v2/tags/67.json]
[f7.vamtam.com/tag/diet/feed/index.html]
[f7.vamtam.com/tag/healthy-eating/index.html]
[f7.vamtam.com/wp-json/wp/v2/tags/36.json]
[f7.vamtam.com/tag/healthy-eating/feed/index.html]
[f7.vamtam.com/tag/nutrition/index.html]
[f7.vamtam.com/wp-content/cache/min/1/wp-content/uploads/elementor/css/post-78972c5e.css]
[f7.vamtam.com/indexc2f6.html]
[f7.vamtam.com/wp-json/wp/v2/tags/35.json]
[f7.vamtam.com/tag/nutrition/feed/index.html]
[f7.vamtam.com/tag/transformation/index.html]
[f7.vamtam.com/wp-content/uploads/2021/02/shape-green.svg]
[f7.vamtam.com/wp-content/cache/min/1/wp-content/uploads/elementor/css/post-1874393da.css]
[f7.vamtam.com/wp-json/wp/v2/tags/66.json]
[f7.vamtam.com/tag/transformation/feed/index.html]
[f7.vamtam.com/wp-json/wp/v2/product/6246.json]
[f7.vamtam.com/wp-content/uploads/2021/02/content-pixie-be-6rpnQ30k-unsplash-1.jpg]
[f7.vamtam.com/product/kettlebells-20kg/index.html]
[f7.vamtam.com/wp-content/uploads/elementor/css/post-187435715.css]
[f7.vamtam.com/shop/index0cee.html]
[f7.vamtam.com/product-category/equipment/index.html]
[f7.vamtam.com/product/kettlebells-20kg/index81db.html]
[f7.vamtam.com/shop/index5595.html]
[f7.vamtam.com/shop/index73eb.html]
[f7.vamtam.com/shop/index5dcf.html]
[f7.vamtam.com/shop/index6081.html]
[f7.vamtam.com/shop/indexfb13.html]
[f7.vamtam.com/shop/index5c26.html]
[f7.vamtam.com/shop/indexaef8.html]
[f7.vamtam.com/shop/indexa7e6.html]
[f7.vamtam.com/shop/index330b.html]
[f7.vamtam.com/shop/index81db.html]
[f7.vamtam.com/shop/indexc4a3.html]
[f7.vamtam.com/shop/indexbbf8.html]
[f7.vamtam.com/product/kettlebells-20kg/indexfb13.html]
[f7.vamtam.com/product/kettlebells-20kg/index5595.html]
[f7.vamtam.com/product/kettlebells-20kg/index330b.html]
[f7.vamtam.com/wp-json/wp/v2/product/6248.json]
[f7.vamtam.com/wp-content/uploads/2021/02/jacob-bentzinger-MThIIpW8rpU-unsplash-1.jpg]
[f7.vamtam.com/product/sports-top/index.html]
[f7.vamtam.com/shop/indexf012.html]
[f7.vamtam.com/product/sports-top/indexa7e6.html]
[f7.vamtam.com/product/sports-top/index6081.html]
[f7.vamtam.com/wp-content/cache/min/1/wp-content/uploads/elementor/css/post-566221f4.css]
[f7.vamtam.com/indexb4f6.html]
[f7.vamtam.com/wp-content/cache/min/1/wp-content/uploads/elementor/css/post-56636a07.css]
[f7.vamtam.com/indexee50.html]
[f7.vamtam.com/wp-content/cache/min/1/wp-content/uploads/elementor/css/post-558584b7.css]
[f7.vamtam.com/christina-wheeler/index.html]
[f7.vamtam.com/index5177.html]
[f7.vamtam.com/wp-content/cache/min/1/wp-content/uploads/elementor/css/post-560177c1.css]
[f7.vamtam.com/index3a26.html]
[f7.vamtam.com/wp-content/cache/min/1/wp-content/uploads/elementor/css/post-56152f7a.css]
[f7.vamtam.com/index42c3.html]
[f7.vamtam.com/wp-content/cache/min/1/wp-content/uploads/elementor/css/post-5623cbd1.css]
[f7.vamtam.com/melvin-jones/index.html]
[f7.vamtam.com/indexceaa.html]
[f7.vamtam.com/wp-content/cache/min/1/wp-content/uploads/elementor/css/post-56331805.css]
[f7.vamtam.com/charlie-andrews/index.html]
[f7.vamtam.com/indexa07b.html]
[f7.vamtam.com/wp-content/cache/min/1/wp-content/uploads/elementor/css/post-5642314c.css]
[f7.vamtam.com/product/sports-top/indexaef8.html]
[f7.vamtam.com/daisy-newman/index.html]
[f7.vamtam.com/index5a3f.html]
[f7.vamtam.com/wp-content/cache/min/1/wp-content/uploads/elementor/css/post-5576e53f.css]
[f7.vamtam.com/stella-adkins/index.html]
[f7.vamtam.com/index963b.html]
[f7.vamtam.com/wp-content/cache/min/1/wp-content/uploads/elementor/css/post-5654b220.css]
[f7.vamtam.com/alan-mcbride/index.html]
[f7.vamtam.com/indexee23.html]
[f7.vamtam.com/product/sports-top/index5c26.html]
[f7.vamtam.com/wp-content/uploads/2021/02/iStock-857901800.jpg]
[f7.vamtam.com/wp-content/cache/min/1/wp-content/uploads/elementor/css/post-455219e7.css]
[f7.vamtam.com/boxing/index.html]
[f7.vamtam.com/index9750.html]
[f7.vamtam.com/betty-sanders.html]
[f7.vamtam.com/wp-content/cache/min/1/wp-content/uploads/elementor/css/post-36070b20.css]
[f7.vamtam.com/wp-content/cache/min/1/wp-content/uploads/elementor/css/post-36470b20.css]
[f7.vamtam.com/wp-content/cache/min/1/wp-content/uploads/elementor/css/post-36520b20.css]
[f7.vamtam.com/wp-content/uploads/2021/01/iStock-1213287093-1.jpg]
[f7.vamtam.com/wp-content/cache/min/1/wp-content/uploads/elementor/css/post-3838e2e5.css]
[f7.vamtam.com/index1587.html]
[f7.vamtam.com/wp-content/cache/min/1/wp-content/uploads/elementor/css/post-5930a5da.css]
[f7.vamtam.com/indexc68b.html]
[f7.vamtam.com/2021/02/07/index.html]
[f7.vamtam.com/tag/daily-routine/index.html]
[f7.vamtam.com/wp-json/wp/v2/tags/41.json]
[f7.vamtam.com/tag/daily-routine/feed/index.html]
[f7.vamtam.com/tag/tips-and-tricks/index.html]
[f7.vamtam.com/wp-json/wp/v2/tags/44.json]
[f7.vamtam.com/tag/tips-and-tricks/feed/index.html]
[f7.vamtam.com/2021/02/07/muscle-confusion-myth-and-science/feed/index.html]
[f7.vamtam.com/wp-content/cache/min/1/wp-content/uploads/elementor/css/post-5936dc28.css]
[f7.vamtam.com/2021/02/07/muscle-confusion-myth-and-science/index.html]
[f7.vamtam.com/wp-content/cache/min/1/wp-content/uploads/elementor/css/post-58995d9a.css]
[f7.vamtam.com/index4f03.html]
[f7.vamtam.com/wp-json/wp/v2/posts/5936.json]
[f7.vamtam.com/tag/routine/index.html]
[f7.vamtam.com/wp-json/wp/v2/tags/39.json]
[f7.vamtam.com/tag/routine/feed/index.html]
[f7.vamtam.com/tag/workouts/index.html]
[f7.vamtam.com/wp-content/cache/min/1/wp-content/uploads/elementor/css/post-590271aa.css]
[f7.vamtam.com/index6e9c.html]
[f7.vamtam.com/wp-content/cache/min/1/wp-content/uploads/elementor/css/post-5911c035.css]
[f7.vamtam.com/indexc52f.html]
[f7.vamtam.com/wp-content/cache/min/1/wp-content/uploads/elementor/css/post-5918febc.css]
[f7.vamtam.com/index342b.html]
[f7.vamtam.com/wp-json/wp/v2/tags/38.json]
[f7.vamtam.com/tag/workouts/feed/index.html]
[f7.vamtam.com/tag/build-muscle/index.html]
[f7.vamtam.com/wp-content/cache/min/1/wp-content/uploads/elementor/css/post-592467ee.css]
[f7.vamtam.com/index41eb.html]
[f7.vamtam.com/wp-json/wp/v2/tags/42.json]
[f7.vamtam.com/tag/build-muscle/feed/index.html]
[f7.vamtam.com/tag/guidance/index.html]
[f7.vamtam.com/wp-content/cache/min/1/wp-content/uploads/elementor/css/post-5839a7ab.css]
[f7.vamtam.com/index41cd.html]
[f7.vamtam.com/wp-json/wp/v2/tags/45.json]
[f7.vamtam.com/tag/guidance/feed/index.html]
[f7.vamtam.com/tag/fitness-foods/index.html]
[f7.vamtam.com/wp-content/cache/min/1/wp-content/uploads/elementor/css/post-6268da5f.css]
[f7.vamtam.com/indexe0c8.html]
[f7.vamtam.com/wp-json/wp/v2/tags/37.json]
[f7.vamtam.com/tag/fitness-foods/feed/index.html]
[f7.vamtam.com/shop-2.html]
[f7.vamtam.com/product-category/new/index.html]
[f7.vamtam.com/product-category/new/feed/index.html]
[f7.vamtam.com/product-category/new/index73eb.html]
[f7.vamtam.com/product-category/sport/index.html]
[f7.vamtam.com/product-category/new/index5595.html]
[f7.vamtam.com/product-category/new/index5dcf.html]
[f7.vamtam.com/product-tag/drink/index.html]
[f7.vamtam.com/product-category/new/index0cee.html]
[f7.vamtam.com/product-category/new/indexfb13.html]
[f7.vamtam.com/product-tag/fittness/index.html]
[f7.vamtam.com/product-category/new/index5c26.html]
[f7.vamtam.com/product-category/new/index6081.html]
[f7.vamtam.com/product-tag/protein-shake/index.html]
[f7.vamtam.com/product-category/new/indexaef8.html]
[f7.vamtam.com/product-category/new/indexa7e6.html]
[f7.vamtam.com/product-tag/sport/index.html]
[f7.vamtam.com/product-category/new/indexbbf8.html]
[f7.vamtam.com/product-category/new/index330b.html]
[f7.vamtam.com/product-category/new/index81db.html]
[f7.vamtam.com/product-category/new/indexc4a3.html]
[f7.vamtam.com/product-category/sport/feed/index.html]
[f7.vamtam.com/product/protein-shake-biscuits/index6081.html]
[f7.vamtam.com/wp-content/uploads/elementor/css/post-626869ca.css]
[f7.vamtam.com/product-category/new/indexf012.html]
[f7.vamtam.com/product/protein-shake-biscuits/indexfb13.html]
[f7.vamtam.com/product-category/sport/index5595.html]
[f7.vamtam.com/product-category/sport/index73eb.html]
[f7.vamtam.com/product/protein-shake-biscuits/indexbbf8.html]
[f7.vamtam.com/product-category/sport/index0cee.html]
[f7.vamtam.com/product-category/sport/index5dcf.html]
[f7.vamtam.com/product/protein-shake-biscuits/indexc4a3.html]
[f7.vamtam.com/product-category/sport/index5c26.html]
[f7.vamtam.com/product-category/sport/index6081.html]
[f7.vamtam.com/wp-content/plugins/woocommerce/packages/woocommerce-blocks/build/vendors-stylee100.css]
[f7.vamtam.com/product-category/sport/indexfb13.html]
[f7.vamtam.com/product-category/sport/indexaef8.html]
[f7.vamtam.com/wp-content/plugins/woocommerce/packages/woocommerce-blocks/build/stylee100.css]
[f7.vamtam.com/product-category/sport/indexa7e6.html]
[f7.vamtam.com/product-category/sport/index330b.html]
[f7.vamtam.com/wp-content/plugins/woocommerce/assets/css/woocommerce-layoutbb49.css]
[f7.vamtam.com/product-category/sport/index81db.html]
[f7.vamtam.com/product-category/sport/indexbbf8.html]
[f7.vamtam.com/wp-content/plugins/woocommerce/assets/css/woocommerce-smallscreenbb49.css]
[f7.vamtam.com/product-category/sport/indexc4a3.html]
[f7.vamtam.com/product-tag/drink/feed/index.html]
[f7.vamtam.com/wp-content/plugins/woocommerce/assets/css/woocommercebb49.css]
[f7.vamtam.com/product-tag/drink/index73eb.html]
[f7.vamtam.com/product-category/sport/indexf012.html]
[f7.vamtam.com/wp-content/plugins/elementor/assets/css/frontend.mindeae.css]
[f7.vamtam.com/product-tag/drink/index5dcf.html]
[f7.vamtam.com/product-tag/drink/index6081.html]
[f7.vamtam.com/wp-content/uploads/elementor/css/post-42054.css]
[f7.vamtam.com/product-tag/drink/index5c26.html]
[f7.vamtam.com/product-tag/drink/indexfb13.html]
[f7.vamtam.com/wp-content/plugins/elementor/assets/lib/font-awesome/css/all.mindeae.css]
[f7.vamtam.com/product-tag/drink/indexaef8.html]
[f7.vamtam.com/product-tag/fittness/feed/index.html]
[f7.vamtam.com/wp-content/uploads/elementor/css/post-146665dbd.css]
[f7.vamtam.com/product-tag/drink/indexa7e6.html]
[f7.vamtam.com/product-tag/fittness/index73eb.html]
[f7.vamtam.com/wp-content/uploads/elementor/css/post-16668ffc7.css]
[f7.vamtam.com/product-tag/fittness/index5595.html]
[f7.vamtam.com/product-tag/fittness/index0cee.html]
[f7.vamtam.com/wp-content/uploads/elementor/css/post-2845291.css]
[f7.vamtam.com/product-tag/fittness/index5dcf.html]
[f7.vamtam.com/product-tag/fittness/index6081.html]
[f7.vamtam.com/wp-content/uploads/elementor/css/post-3237ffc7.css]
[f7.vamtam.com/product-tag/fittness/indexfb13.html]
[f7.vamtam.com/product-tag/fittness/index5c26.html]
[f7.vamtam.com/wp-content/themes/f7/vamtam/assets/css/dist/all32a9.css]
[f7.vamtam.com/product-tag/fittness/indexaef8.html]
[f7.vamtam.com/product-tag/fittness/index330b.html]
[f7.vamtam.com/product-tag/fittness/indexa7e6.html]
[f7.vamtam.com/wp-content/themes/f7/vamtam/assets/css/dist/woocommerce/main32a9.css]
[f7.vamtam.com/product-tag/fittness/indexbbf8.html]
[f7.vamtam.com/wp-content/themes/f7/vamtam/assets/css/dist/responsive/wc-small-screen32a9.css]
[f7.vamtam.com/product-tag/fittness/index81db.html]
[f7.vamtam.com/wp-content/uploads/elementor/custom-icons/theme-icons/style8a54.css]
[f7.vamtam.com/product-tag/protein-shake/feed/index.html]
[f7.vamtam.com/product-tag/fittness/indexf012.html]
[f7.vamtam.com/wp-content/plugins/elementor/assets/lib/font-awesome/css/brands.min9e0b.css]
[f7.vamtam.com/product-tag/fittness/indexc4a3.html]
[f7.vamtam.com/product-tag/protein-shake/index5dcf.html]
[f7.vamtam.com/product-tag/protein-shake/index73eb.html]
[f7.vamtam.com/product-tag/protein-shake/index6081.html]
[f7.vamtam.com/wp-content/plugins/woocommerce/assets/css/select2bb49.css]
[f7.vamtam.com/wp-content/themes/f7/vamtam/assets/css/dist/woocommerce/cart-checkout32a9.css]
[f7.vamtam.com/product-tag/protein-shake/indexfb13.html]
[f7.vamtam.com/product-tag/protein-shake/index5c26.html]
[f7.vamtam.com/wp-json/wp/v2/pages/8.json]
[f7.vamtam.com/product-tag/sport/feed/index.html]
[f7.vamtam.com/product-tag/protein-shake/indexaef8.html]
[f7.vamtam.com/wp-content/plugins/woocommerce/assets/js/frontend/country-select.minbb49.js]
[f7.vamtam.com/product-tag/protein-shake/indexa7e6.html]
[f7.vamtam.com/wp-content/plugins/woocommerce/assets/js/frontend/address-i18n.minbb49.js]
[f7.vamtam.com/wp-content/plugins/woocommerce/assets/js/frontend/cart.minbb49.js]
[f7.vamtam.com/cart/index.html]
[f7.vamtam.com/wp-content/plugins/woocommerce/assets/js/selectWoo/selectWoo.full.min0ba6.js]
[f7.vamtam.com/wp-content/uploads/elementor/css/post-5328a14e.css]
[f7.vamtam.com/product-tag/sport/index0cee.html]
[f7.vamtam.com/product-tag/sport/index5dcf.html]
[f7.vamtam.com/wp-content/uploads/elementor/css/post-5519a14e.css]
[f7.vamtam.com/product-tag/sport/indexfb13.html]
[f7.vamtam.com/product-tag/sport/index73eb.html]
[f7.vamtam.com/index2b16.html]
[f7.vamtam.com/product-tag/sport/index6081.html]
[f7.vamtam.com/product-tag/sport/index5c26.html]
[f7.vamtam.com/product/protein-shake-vegan/index5dcf.html]
[f7.vamtam.com/product-tag/sport/indexaef8.html]
[f7.vamtam.com/product-tag/sport/indexa7e6.html]
[f7.vamtam.com/product/protein-shake-vegan/index5595.html]
[f7.vamtam.com/product-tag/sport/index330b.html]
[f7.vamtam.com/product-tag/sport/indexbbf8.html]
[f7.vamtam.com/product/protein-shake-vegan/index5c26.html]
[f7.vamtam.com/product-tag/sport/indexc4a3.html]
[f7.vamtam.com/product-tag/sport/index81db.html]
[f7.vamtam.com/product/protein-shake-vegan/indexf012.html]
[f7.vamtam.com/product-tag/sport/indexf012.html]
[f7.vamtam.com/product/protein-shake-biscuits/index5dcf.html]
[f7.vamtam.com/index6c26.html]
[f7.vamtam.com/product/protein-shake-biscuits/index5595.html]
[f7.vamtam.com/product/protein-shake-biscuits/index0cee.html]
[f7.vamtam.com/product/protein-shake-fruity/indexaef8.html]
[f7.vamtam.com/product/protein-shake-biscuits/indexa7e6.html]
[f7.vamtam.com/checkout/index.html]
[f7.vamtam.com/product/protein-shake-biscuits/indexf012.html]
[f7.vamtam.com/product/protein-shake-fruity/indexfb13.html]
[f7.vamtam.com/product/protein-shake-biscuits/index81db.html]
[f7.vamtam.com/product/protein-shake-fruity/index5c26.html]
[f7.vamtam.com/product/protein-shake-fruity/indexf012.html]
[f7.vamtam.com/index903c.html]
[f7.vamtam.com/product/protein-shake-cinnamon/index73eb.html]
[f7.vamtam.com/product/protein-shake-cinnamon/indexfb13.html]
[f7.vamtam.com/product/protein-shake-cinnamon/indexbbf8.html]
[f7.vamtam.com/product/protein-shake-vegan/indexfb13.html]
[f7.vamtam.com/product/protein-shake-vegan/indexa7e6.html]
[f7.vamtam.com/product/protein-shake-cinnamon/index81db.html]
[f7.vamtam.com/product/protein-shake-vegan/index0cee.html]
[f7.vamtam.com/product/protein-shake-vegan/index330b.html]
[f7.vamtam.com/index20aa.html]
[f7.vamtam.com/product/protein-shake-vegan/index6081.html]
[f7.vamtam.com/product/protein-shake-vegan/indexc4a3.html]
[f7.vamtam.com/product-category/sports-nutrition/index.html]
[f7.vamtam.com/product/protein-shake-vegan/index73eb.html]
[f7.vamtam.com/product/protein-shake-vegan/index81db.html]
[f7.vamtam.com/product-tag/energy-bar/index.html]
[f7.vamtam.com/product/protein-shake-fruity/index5dcf.html]
[f7.vamtam.com/product/protein-shake-fruity/index5595.html]
[f7.vamtam.com/product-tag/protein-bar/index.html]
[f7.vamtam.com/product/protein-shake-fruity/index330b.html]
[f7.vamtam.com/product/protein-shake-fruity/index0cee.html]
[f7.vamtam.com/product/protein-bar-chocolate/index73eb.html]
[f7.vamtam.com/product/protein-shake-fruity/indexbbf8.html]
[f7.vamtam.com/product/protein-shake-fruity/index73eb.html]
[f7.vamtam.com/product/protein-bar-chocolate/indexaef8.html]
[f7.vamtam.com/product/protein-shake-fruity/index81db.html]
[f7.vamtam.com/product/protein-bar-chocolate/index6081.html]
[f7.vamtam.com/product/protein-bar-chocolate/indexc4a3.html]
[f7.vamtam.com/product/protein-shake-fruity/indexc4a3.html]
[f7.vamtam.com/product/protein-shake-cinnamon/indexaef8.html]
[f7.vamtam.com/product/protein-shake-fruity/indexa7e6.html]
[f7.vamtam.com/index0a90.html]
[f7.vamtam.com/product/protein-shake-cinnamon/index6081.html]
[f7.vamtam.com/product/protein-shake-cinnamon/indexf012.html]
[f7.vamtam.com/product/protein-shake-fruity-2/index73eb.html]
[f7.vamtam.com/product/protein-shake-cinnamon/index5595.html]
[f7.vamtam.com/product/protein-shake-cinnamon/index330b.html]
[f7.vamtam.com/product/protein-shake-fruity-2/indexa7e6.html]
[f7.vamtam.com/product-category/sports-nutrition/feed/index.html]
[f7.vamtam.com/product/protein-shake-cinnamon/indexc4a3.html]
[f7.vamtam.com/product/protein-shake-fruity-2/index0cee.html]
[f7.vamtam.com/product-category/sports-nutrition/index5595.html]
[f7.vamtam.com/product-tag/energy-bar/feed/index.html]
[f7.vamtam.com/product/protein-shake-fruity-2/index330b.html]
[f7.vamtam.com/product/protein-shake-cinnamon/index5c26.html]
[f7.vamtam.com/product-tag/protein-bar/feed/index.html]
[f7.vamtam.com/index79c1.html]
[f7.vamtam.com/product-tag/energy-bar/index5595.html]
[f7.vamtam.com/product-tag/protein-bar/index5595.html]
[f7.vamtam.com/product/protein-water-blueberry/index73eb.html]
[f7.vamtam.com/product/protein-bar-chocolate/indexf012.html]
[f7.vamtam.com/product/protein-bar-chocolate/indexa7e6.html]
[f7.vamtam.com/product/protein-water-blueberry/indexaef8.html]
[f7.vamtam.com/product/protein-bar-chocolate/index330b.html]
[f7.vamtam.com/product/protein-bar-chocolate/indexfb13.html]
[f7.vamtam.com/product/protein-bar-chocolate/indexbbf8.html]
[f7.vamtam.com/product/protein-water-blueberry/index6081.html]
[f7.vamtam.com/product/protein-bar-chocolate/index81db.html]
[f7.vamtam.com/product/protein-bar-chocolate/index0cee.html]
[f7.vamtam.com/product/protein-water-blueberry/index5c26.html]
[f7.vamtam.com/product/protein-bar-chocolate/index5dcf.html]
[f7.vamtam.com/product/protein-shake-fruity-2/index5595.html]
[f7.vamtam.com/indexd532.html]
[f7.vamtam.com/product/protein-shake-fruity-2/index5c26.html]
[f7.vamtam.com/product/protein-shake-fruity-2/index81db.html]
[f7.vamtam.com/product/protein-shake-strawberry/index5dcf.html]
[f7.vamtam.com/product/protein-shake-fruity-2/indexc4a3.html]
[f7.vamtam.com/product/protein-shake-fruity-2/indexaef8.html]
[f7.vamtam.com/product/protein-shake-strawberry/indexfb13.html]
[f7.vamtam.com/product/protein-shake-fruity-2/indexbbf8.html]
[f7.vamtam.com/product/protein-shake-fruity-2/indexf012.html]
[f7.vamtam.com/product/protein-shake-strawberry/indexf012.html]
[f7.vamtam.com/product/protein-water-blueberry/index5595.html]
[f7.vamtam.com/product/protein-shake-fruity-2/index6081.html]
[f7.vamtam.com/product/protein-water-blueberry/index81db.html]
[f7.vamtam.com/product/protein-shake-strawberry/index81db.html]
[f7.vamtam.com/product/protein-water-blueberry/index0cee.html]
[f7.vamtam.com/product/protein-water-blueberry/indexc4a3.html]
[f7.vamtam.com/indexb42f.html]
[f7.vamtam.com/product/protein-water-blueberry/indexf012.html]
[f7.vamtam.com/product/protein-water-blueberry/indexfb13.html]
[f7.vamtam.com/product-category/bottle/index.html]
[f7.vamtam.com/product/protein-water-blueberry/indexbbf8.html]
[f7.vamtam.com/product/protein-water-blueberry/index5dcf.html]
[f7.vamtam.com/product-tag/bodybuilding/index.html]
[f7.vamtam.com/product/protein-shake-strawberry/indexa7e6.html]
[f7.vamtam.com/product/protein-water-blueberry/index330b.html]
[f7.vamtam.com/product-tag/bottle/index.html]
[f7.vamtam.com/product/protein-shake-strawberry/index0cee.html]
[f7.vamtam.com/product/protein-shake-strawberry/index73eb.html]
[f7.vamtam.com/product-tag/life-time-warranty/index.html]
[f7.vamtam.com/product/protein-shake-strawberry/indexbbf8.html]
[f7.vamtam.com/product/protein-shake-strawberry/indexaef8.html]
[f7.vamtam.com/product/sport-bottle/index6081.html]
[f7.vamtam.com/product-category/bottle/feed/index.html]
[f7.vamtam.com/product/protein-shake-strawberry/index6081.html]
[f7.vamtam.com/product/sport-bottle/index5dcf.html]
[f7.vamtam.com/product/protein-shake-strawberry/index5595.html]
[f7.vamtam.com/product-category/bottle/index330b.html]
[f7.vamtam.com/product/sport-bottle/indexfb13.html]
[f7.vamtam.com/product-category/bottle/indexc4a3.html]
[f7.vamtam.com/product-category/bottle/index81db.html]
[f7.vamtam.com/product/sport-bottle/index81db.html]
[f7.vamtam.com/product-category/bottle/indexbbf8.html]
[f7.vamtam.com/product-tag/bodybuilding/feed/index.html]
[f7.vamtam.com/product-tag/bodybuilding/index0cee.html]
[f7.vamtam.com/index789f.html]
[f7.vamtam.com/product-tag/bodybuilding/index330b.html]
[f7.vamtam.com/product-tag/bodybuilding/indexbbf8.html]
[f7.vamtam.com/product/sport-bottle-3/index6081.html]
[f7.vamtam.com/product-tag/bodybuilding/index81db.html]
[f7.vamtam.com/product-tag/bottle/feed/index.html]
[f7.vamtam.com/product/sport-bottle-3/index5595.html]
[f7.vamtam.com/product-tag/bodybuilding/indexc4a3.html]
[f7.vamtam.com/product-tag/bottle/index330b.html]
[f7.vamtam.com/product-tag/bottle/indexc4a3.html]
[f7.vamtam.com/product/sport-bottle-3/indexf012.html]
[f7.vamtam.com/product-tag/bottle/indexbbf8.html]
[f7.vamtam.com/product-tag/life-time-warranty/feed/index.html]
[f7.vamtam.com/product-tag/bottle/index81db.html]
[f7.vamtam.com/product/sport-bottle-3/index330b.html]
[f7.vamtam.com/product-tag/life-time-warranty/index0cee.html]
[f7.vamtam.com/product-tag/life-time-warranty/index330b.html]
[f7.vamtam.com/indexd654.html]
[f7.vamtam.com/product-tag/life-time-warranty/indexbbf8.html]
[f7.vamtam.com/product-tag/life-time-warranty/index81db.html]
[f7.vamtam.com/product/sport-bottle-2/indexaef8.html]
[f7.vamtam.com/product-tag/life-time-warranty/indexc4a3.html]
[f7.vamtam.com/product/sport-bottle/indexa7e6.html]
[f7.vamtam.com/product/sport-bottle-2/index6081.html]
[f7.vamtam.com/product/sport-bottle/index5595.html]
[f7.vamtam.com/product/sport-bottle/index0cee.html]
[f7.vamtam.com/product/sport-bottle-2/index5595.html]
[f7.vamtam.com/product/sport-bottle/index5c26.html]
[f7.vamtam.com/product/sport-bottle/indexc4a3.html]
[f7.vamtam.com/product/sport-bottle-2/index0cee.html]
[f7.vamtam.com/product/sport-bottle/indexbbf8.html]
[f7.vamtam.com/product/sport-bottle/indexaef8.html]
[f7.vamtam.com/index8762.html]
[f7.vamtam.com/product/sport-bottle-3/indexaef8.html]
[f7.vamtam.com/product/sport-bottle/indexf012.html]
[f7.vamtam.com/product/sport-bottle-4/indexaef8.html]
[f7.vamtam.com/product/sport-bottle-3/index81db.html]
[f7.vamtam.com/product/sport-bottle-3/index5c26.html]
[f7.vamtam.com/product/sport-bottle-3/indexa7e6.html]
[f7.vamtam.com/product/sport-bottle-4/index6081.html]
[f7.vamtam.com/product/sport-bottle-3/index5dcf.html]
[f7.vamtam.com/product/sport-bottle-3/index73eb.html]
[f7.vamtam.com/product/sport-bottle-4/index5dcf.html]
[f7.vamtam.com/product/sport-bottle-3/indexc4a3.html]
[f7.vamtam.com/product/sport-bottle-2/index5dcf.html]
[f7.vamtam.com/product/sport-bottle-4/indexbbf8.html]
[f7.vamtam.com/product/sport-bottle-2/index5c26.html]
[f7.vamtam.com/product/sport-bottle-2/indexfb13.html]
[f7.vamtam.com/product/sport-bottle-2/indexa7e6.html]
[f7.vamtam.com/product/sport-bottle-2/indexf012.html]
[f7.vamtam.com/product/sport-bottle-2/index330b.html]
[f7.vamtam.com/wp-content/uploads/2021/02/iStock-996182226.jpg]
[f7.vamtam.com/wp-content/cache/min/1/wp-content/uploads/elementor/css/post-45018141.css]
[f7.vamtam.com/product/sport-bottle-2/indexc4a3.html]
[f7.vamtam.com/product/sport-bottle-2/indexbbf8.html]
[f7.vamtam.com/high-intensity-training/index.html]
[f7.vamtam.com/product/sport-bottle-4/index5c26.html]
[f7.vamtam.com/product/sport-bottle-4/indexf012.html]
[f7.vamtam.com/product/sport-bottle-4/indexfb13.html]
[f7.vamtam.com/indexeef1.html]
[f7.vamtam.com/product/sport-bottle-4/index330b.html]
[f7.vamtam.com/joe-harmon.html]
[f7.vamtam.com/product/sport-bottle-4/index81db.html]
[f7.vamtam.com/product/sport-bottle-4/index0cee.html]
[f7.vamtam.com/product/sport-bottle-4/indexa7e6.html]
[f7.vamtam.com/wp-content/uploads/2021/01/karsten-winegeart-ZiXqi1iSZyI-unsplash.jpg]
[f7.vamtam.com/wp-content/cache/min/1/wp-content/uploads/elementor/css/post-32590b20.css]
[f7.vamtam.com/crossfit/index.html]
[f7.vamtam.com/indexfb91.html]
[f7.vamtam.com/wp-content/uploads/2021/02/iStock-1213287093.jpg]
[f7.vamtam.com/wp-content/cache/min/1/wp-content/uploads/elementor/css/post-4564ec7d.css]
[f7.vamtam.com/group-battlebox/index.html]
[f7.vamtam.com/index6130.html]
[f7.vamtam.com/alvin-summers.html]
[f7.vamtam.com/oscar-williamson.html]
[f7.vamtam.com/wp-content/uploads/2021/02/inspired-horizons-digital-marketing-XqxnqyqDU0k-unsplash.jpg]
[f7.vamtam.com/wp-content/cache/min/1/wp-content/uploads/elementor/css/post-14345bab.css]
[f7.vamtam.com/group-crossfit/index.html]
[f7.vamtam.com/index94e7.html]
[f7.vamtam.com/wp-content/uploads/2021/01/logan-weaver-9D_rUDe7xvA-unsplash.jpg]
[f7.vamtam.com/wp-content/cache/min/1/wp-content/uploads/elementor/css/post-3556f87b.css]
[f7.vamtam.com/group-boxing/index.html]
[f7.vamtam.com/index127c.html]
[f7.vamtam.com/wp-content/cache/min/1/wp-content/uploads/elementor/css/post-8160292f.css]
[f7.vamtam.com/group-yoga-pilates/index.html]
[f7.vamtam.com/indexf0d2.html]
[f7.vamtam.com/wp-content/cache/min/1/wp-content/uploads/elementor/css/post-58311c7b.css]
[f7.vamtam.com/wp-content/cache/min/1/wp-content/uploads/elementor/css/post-5942ce4e.css]
[f7.vamtam.com/2021/02/07/workout-buddies-make-each-other-stronger/feed/index.html]
[f7.vamtam.com/2021/02/07/workout-buddies-make-each-other-stronger/index.html]
[f7.vamtam.com/indexaa60.html]
[f7.vamtam.com/wp-json/wp/v2/posts/5942.json]
[f7.vamtam.com/product-category/equipment/index.html]
[f7.vamtam.com/product-category/equipment/feed/index.html]
[f7.vamtam.com/product/kettlebells-20kg/index5595.html]
[f7.vamtam.com/tag/overall-health/index.html]
[f7.vamtam.com/tag/coaching/index.html]
[f7.vamtam.com/product/kettlebells-20kg/indexfb13.html]
[f7.vamtam.com/product-category/equipment/index0cee.html]
[f7.vamtam.com/product/kettlebells-20kg/index6081.html]
[f7.vamtam.com/product/kettlebells-20kg/index330b.html]
[f7.vamtam.com/product/kettlebells-20kg/indexf012.html]
[f7.vamtam.com/product/kettlebells-20kg/index81db.html]
[f7.vamtam.com/product/kettlebells-20kg/indexbbf8.html]
[f7.vamtam.com/product/kettlebells-20kg/indexaef8.html]
[f7.vamtam.com/wp-content/uploads/elementor/css/post-187435715.css]
[f7.vamtam.com/index7cb7.html]
[f7.vamtam.com/product/sports-top/indexaef8.html]
[f7.vamtam.com/product/kettlebells-20kg/index73eb.html]
[f7.vamtam.com/product/kettlebells-20kg/indexc4a3.html]
[f7.vamtam.com/product/sports-top/index6081.html]
[f7.vamtam.com/product/sports-top/index0cee.html]
[f7.vamtam.com/product/sports-top/indexa7e6.html]
[f7.vamtam.com/product/sports-top/index330b.html]
[f7.vamtam.com/product/sports-top/index73eb.html]
[f7.vamtam.com/product/sports-top/index5c26.html]
[f7.vamtam.com/product/sports-top/indexfb13.html]
[f7.vamtam.com/wp-content/cache/min/1/wp-content/uploads/elementor/css/post-5936dc28.css]
[f7.vamtam.com/product/sports-top/index5dcf.html]
[f7.vamtam.com/indexd480.html]
[f7.vamtam.com/product-category/new/index0cee.html]
[f7.vamtam.com/product-category/new/index5595.html]
[f7.vamtam.com/product-category/new/index73eb.html]
[f7.vamtam.com/product-category/new/index5dcf.html]
[f7.vamtam.com/product-category/new/index6081.html]
[f7.vamtam.com/product-category/new/indexfb13.html]
[f7.vamtam.com/product-category/new/index5c26.html]
[f7.vamtam.com/product-category/new/indexaef8.html]
[f7.vamtam.com/product-category/new/indexa7e6.html]
[f7.vamtam.com/product-category/new/index330b.html]
[f7.vamtam.com/product-category/new/index81db.html]
[f7.vamtam.com/product-category/new/indexbbf8.html]
[f7.vamtam.com/product-category/new/indexc4a3.html]
[f7.vamtam.com/product-category/new/indexf012.html]
[f7.vamtam.com/product-category/sport/index0cee.html]
[f7.vamtam.com/product-category/sport/index5595.html]
[f7.vamtam.com/product-category/sport/index73eb.html]
[f7.vamtam.com/product-category/sport/index5dcf.html]
[f7.vamtam.com/product-category/sport/index6081.html]
[f7.vamtam.com/product-category/sport/indexfb13.html]
[f7.vamtam.com/product-category/sport/index5c26.html]
[f7.vamtam.com/product-category/sport/indexaef8.html]
[f7.vamtam.com/product-category/sport/indexa7e6.html]
[f7.vamtam.com/product/sports-top/index81db.html]
[f7.vamtam.com/product-category/sport/index330b.html]
[f7.vamtam.com/product-category/sport/index81db.html]
[f7.vamtam.com/product-category/sport/indexbbf8.html]
[f7.vamtam.com/product-category/sport/indexc4a3.html]
[f7.vamtam.com/product-category/sport/indexf012.html]
[f7.vamtam.com/product-tag/drink/index73eb.html]
[f7.vamtam.com/product-tag/drink/index5dcf.html]
[f7.vamtam.com/product-tag/drink/index6081.html]
[f7.vamtam.com/product-tag/drink/indexfb13.html]
[f7.vamtam.com/product-tag/drink/index5c26.html]
[f7.vamtam.com/product-tag/drink/indexaef8.html]
[f7.vamtam.com/product-tag/drink/indexa7e6.html]
[f7.vamtam.com/product-tag/fittness/index0cee.html]
[f7.vamtam.com/product-tag/fittness/index5595.html]
[f7.vamtam.com/product-tag/fittness/index73eb.html]
[f7.vamtam.com/product-tag/fittness/index5dcf.html]
[f7.vamtam.com/product-tag/fittness/index6081.html]
[f7.vamtam.com/product-tag/fittness/indexfb13.html]
[f7.vamtam.com/product/sports-top/indexbbf8.html]
[f7.vamtam.com/product-tag/fittness/index5c26.html]
[f7.vamtam.com/product-tag/fittness/indexaef8.html]
[f7.vamtam.com/product-tag/fittness/indexa7e6.html]
[f7.vamtam.com/product-tag/fittness/index330b.html]
[f7.vamtam.com/product-tag/fittness/index81db.html]
[f7.vamtam.com/product-tag/fittness/indexbbf8.html]
[f7.vamtam.com/product-tag/fittness/indexc4a3.html]
[f7.vamtam.com/product-tag/fittness/indexf012.html]
[f7.vamtam.com/product-tag/protein-shake/index73eb.html]
[f7.vamtam.com/product-tag/protein-shake/index5dcf.html]
[f7.vamtam.com/product-tag/protein-shake/index6081.html]
[f7.vamtam.com/product-tag/protein-shake/indexfb13.html]
[f7.vamtam.com/product-tag/protein-shake/index5c26.html]
[f7.vamtam.com/product-tag/protein-shake/indexaef8.html]
[f7.vamtam.com/product-tag/protein-shake/indexa7e6.html]
[f7.vamtam.com/product-tag/sport/index0cee.html]
[f7.vamtam.com/product-tag/sport/index73eb.html]
[f7.vamtam.com/product-tag/sport/index5dcf.html]
[f7.vamtam.com/product-tag/sport/index6081.html]
[f7.vamtam.com/product-tag/sport/indexfb13.html]
[f7.vamtam.com/product-tag/sport/index5c26.html]
[f7.vamtam.com/product-tag/sport/indexaef8.html]
[f7.vamtam.com/product-tag/sport/indexa7e6.html]
[f7.vamtam.com/product-tag/sport/index330b.html]
[f7.vamtam.com/product-tag/sport/index81db.html]
[f7.vamtam.com/product-tag/sport/indexbbf8.html]
[f7.vamtam.com/product-tag/sport/indexc4a3.html]
[f7.vamtam.com/product-tag/sport/indexf012.html]
[f7.vamtam.com/wp-content/uploads/elementor/css/post-626869ca.css]
[f7.vamtam.com/product/protein-shake-biscuits/index5dcf.html]
[f7.vamtam.com/product/protein-shake-biscuits/index5595.html]
[f7.vamtam.com/product/protein-shake-biscuits/indexa7e6.html]
[f7.vamtam.com/product/protein-shake-biscuits/index0cee.html]
[f7.vamtam.com/product/protein-shake-biscuits/indexf012.html]
[f7.vamtam.com/product/protein-shake-biscuits/index81db.html]
[f7.vamtam.com/product/protein-shake-biscuits/indexaef8.html]
[f7.vamtam.com/product/protein-shake-biscuits/index5c26.html]
[f7.vamtam.com/wp-content/plugins/woocommerce/assets/css/select2bb49.css]
[f7.vamtam.com/wp-content/themes/f7/vamtam/assets/css/dist/woocommerce/cart-checkout32a9.css]
[f7.vamtam.com/index2df4.html]
[f7.vamtam.com/product/protein-shake-biscuits/index330b.html]
[f7.vamtam.com/wp-json/wp/v2/pages/9.json]
[www.paypalobjects.com/webstatic/mktg/Logo/AM_mc_vs_ms_ae_UK.png]
[f7.vamtam.com/checkout/index.html]
[f7.vamtam.com/cart/indexdbd8.html]
[f7.vamtam.com/cart/index97d1.html]
[f7.vamtam.com/cart/indexb440.html]
[f7.vamtam.com/cart/indexc0d5.html]
[f7.vamtam.com/cart/indexc156.html]
[f7.vamtam.com/cart/index9801.html]
[f7.vamtam.com/cart/index024b.html]
[f7.vamtam.com/cart/index164c.html]
[f7.vamtam.com/cart/index85d8.html]
[f7.vamtam.com/cart/index817f.html]
[f7.vamtam.com/cart/index4244.html]
[f7.vamtam.com/cart/index1867.html]
[f7.vamtam.com/product/protein-shake-vegan/indexfb13.html]
[f7.vamtam.com/wp-content/plugins/woocommerce/assets/js/frontend/checkout.minbb49.js]
[f7.vamtam.com/product/protein-shake-vegan/indexa7e6.html]
[f7.vamtam.com/product/protein-shake-vegan/index0cee.html]
[f7.vamtam.com/product/protein-shake-vegan/index330b.html]
[f7.vamtam.com/product/protein-shake-vegan/index6081.html]
[f7.vamtam.com/product/protein-shake-vegan/indexc4a3.html]
[f7.vamtam.com/product/protein-shake-vegan/index73eb.html]
[f7.vamtam.com/product/protein-shake-vegan/index81db.html]
[f7.vamtam.com/product/protein-shake-fruity/index5dcf.html]
[f7.vamtam.com/product/protein-shake-fruity/index5595.html]
[f7.vamtam.com/product/protein-shake-fruity/index330b.html]
[f7.vamtam.com/product/protein-shake-fruity/index0cee.html]
[f7.vamtam.com/product/protein-shake-fruity/indexbbf8.html]
[f7.vamtam.com/product/protein-shake-fruity/index73eb.html]
[f7.vamtam.com/product/protein-shake-fruity/index81db.html]
[f7.vamtam.com/product/protein-shake-fruity/indexc4a3.html]
[f7.vamtam.com/product/protein-shake-fruity/indexa7e6.html]
[f7.vamtam.com/product/protein-shake-cinnamon/indexaef8.html]
[f7.vamtam.com/product/protein-shake-cinnamon/index6081.html]
[f7.vamtam.com/product/protein-shake-vegan/indexbbf8.html]
[f7.vamtam.com/product/protein-shake-cinnamon/indexf012.html]
[f7.vamtam.com/product/protein-shake-cinnamon/index5595.html]
[f7.vamtam.com/product/protein-shake-cinnamon/index330b.html]
[f7.vamtam.com/product/protein-shake-cinnamon/indexc4a3.html]
[f7.vamtam.com/product/protein-shake-cinnamon/index5c26.html]
[f7.vamtam.com/product-category/sports-nutrition/index5595.html]
[f7.vamtam.com/product-tag/energy-bar/index5595.html]
[f7.vamtam.com/product-tag/protein-bar/index5595.html]
[f7.vamtam.com/product/protein-bar-chocolate/indexa7e6.html]
[f7.vamtam.com/product/protein-shake-cinnamon/indexa7e6.html]
[f7.vamtam.com/product/protein-shake-cinnamon/index0cee.html]
[f7.vamtam.com/product/protein-bar-chocolate/indexf012.html]
[f7.vamtam.com/product/protein-bar-chocolate/index330b.html]
[f7.vamtam.com/product/protein-bar-chocolate/indexbbf8.html]
[f7.vamtam.com/product/protein-bar-chocolate/indexfb13.html]
[f7.vamtam.com/product/protein-bar-chocolate/index81db.html]
[f7.vamtam.com/product/protein-bar-chocolate/index5dcf.html]
[f7.vamtam.com/product/protein-bar-chocolate/index0cee.html]
[f7.vamtam.com/product/protein-shake-fruity-2/index5595.html]
[f7.vamtam.com/product/protein-shake-fruity-2/index5c26.html]
[f7.vamtam.com/product/protein-shake-fruity-2/index81db.html]
[f7.vamtam.com/product/protein-shake-fruity-2/indexc4a3.html]
[f7.vamtam.com/product/protein-shake-fruity-2/indexaef8.html]
[f7.vamtam.com/product/protein-shake-fruity-2/indexf012.html]
[f7.vamtam.com/product/protein-shake-fruity-2/indexbbf8.html]
[f7.vamtam.com/product/protein-shake-fruity-2/index6081.html]
[f7.vamtam.com/product/protein-water-blueberry/index5595.html]
[f7.vamtam.com/product/protein-water-blueberry/index0cee.html]
[f7.vamtam.com/product/protein-water-blueberry/index81db.html]
[f7.vamtam.com/product/protein-water-blueberry/indexc4a3.html]
[f7.vamtam.com/product/protein-bar-chocolate/index5c26.html]
[f7.vamtam.com/product/protein-shake-fruity-2/index5dcf.html]
[scontent-dfw5-2.cdninstagram.com/v/t51.29350-15/166879394_138730448183622_8071454122078571870_n829b.jpg]
[scontent-dfw5-2.cdninstagram.com/v/t51.29350-15/166676335_195566115407789_5796107168525110478_n8362.jpg]
[scontent-dfw5-2.cdninstagram.com/v/t51.29350-15/167145122_1351648528547199_1852287889714800547_na4f4.jpg]
[f7.vamtam.com/product/protein-water-blueberry/indexfb13.html]
[f7.vamtam.com/product/protein-water-blueberry/indexbbf8.html]
[f7.vamtam.com/product/protein-water-blueberry/index5dcf.html]
[f7.vamtam.com/product/protein-water-blueberry/indexf012.html]
[f7.vamtam.com/product/protein-water-blueberry/index330b.html]
[f7.vamtam.com/product/protein-shake-strawberry/indexa7e6.html]
[f7.vamtam.com/product/protein-shake-strawberry/index0cee.html]
[f7.vamtam.com/product/protein-shake-strawberry/index73eb.html]
[f7.vamtam.com/product/protein-shake-strawberry/indexaef8.html]
[f7.vamtam.com/product/protein-shake-strawberry/index6081.html]
[f7.vamtam.com/product/protein-shake-strawberry/indexbbf8.html]
[f7.vamtam.com/product/protein-shake-strawberry/index5595.html]
[f7.vamtam.com/product-category/bottle/index330b.html]
[f7.vamtam.com/product-category/bottle/index81db.html]
[f7.vamtam.com/product-category/bottle/indexbbf8.html]
[f7.vamtam.com/product-category/bottle/indexc4a3.html]
[f7.vamtam.com/product-tag/bodybuilding/index0cee.html]
[f7.vamtam.com/product-tag/bodybuilding/index330b.html]
[f7.vamtam.com/product-tag/bodybuilding/index81db.html]
[f7.vamtam.com/product-tag/bodybuilding/indexbbf8.html]
[f7.vamtam.com/product-tag/bodybuilding/indexc4a3.html]
[f7.vamtam.com/product-tag/bottle/index330b.html]
[f7.vamtam.com/product-tag/bottle/index81db.html]
[f7.vamtam.com/product-tag/bottle/indexbbf8.html]
[f7.vamtam.com/product-tag/bottle/indexc4a3.html]
[f7.vamtam.com/product-tag/life-time-warranty/index0cee.html]
[f7.vamtam.com/product-tag/life-time-warranty/index330b.html]
[f7.vamtam.com/product-tag/life-time-warranty/index81db.html]
[f7.vamtam.com/product-tag/life-time-warranty/indexbbf8.html]
[f7.vamtam.com/product-tag/life-time-warranty/indexc4a3.html]
[f7.vamtam.com/product/sport-bottle/index5595.html]
[f7.vamtam.com/product/sport-bottle/indexa7e6.html]
[f7.vamtam.com/product/sport-bottle/index0cee.html]
[f7.vamtam.com/product/sport-bottle/indexc4a3.html]
[f7.vamtam.com/product/sport-bottle/index5c26.html]
[f7.vamtam.com/product/sport-bottle/indexbbf8.html]
[f7.vamtam.com/product/sport-bottle/indexaef8.html]
[f7.vamtam.com/product/sport-bottle/indexf012.html]
[f7.vamtam.com/product/sport-bottle-3/indexaef8.html]
[f7.vamtam.com/product/sport-bottle-3/index5c26.html]
[f7.vamtam.com/product/protein-shake-strawberry/index330b.html]
[f7.vamtam.com/product/sport-bottle-3/indexa7e6.html]
[f7.vamtam.com/product/sport-bottle-3/index81db.html]
[f7.vamtam.com/product/sport-bottle-3/indexc4a3.html]
[f7.vamtam.com/product/protein-shake-strawberry/indexc4a3.html]
[f7.vamtam.com/product/sport-bottle-3/index73eb.html]
[f7.vamtam.com/product/sport-bottle-3/index5dcf.html]
[f7.vamtam.com/product/sport-bottle-2/index5dcf.html]
[f7.vamtam.com/product/sport-bottle-2/indexfb13.html]
[f7.vamtam.com/product/sport-bottle-2/index5c26.html]
[f7.vamtam.com/product/sport-bottle-2/indexa7e6.html]
[f7.vamtam.com/product/sport-bottle-2/indexf012.html]
[f7.vamtam.com/product/sport-bottle/index73eb.html]
[f7.vamtam.com/product/sport-bottle-2/index330b.html]
[f7.vamtam.com/product/sport-bottle-2/indexbbf8.html]
[f7.vamtam.com/product/sport-bottle-2/indexc4a3.html]
[f7.vamtam.com/product/sport-bottle-4/index5c26.html]
[f7.vamtam.com/product/sport-bottle-4/indexf012.html]
[f7.vamtam.com/product/sport-bottle-2/index73eb.html]
[f7.vamtam.com/product/sport-bottle-3/indexfb13.html]
[f7.vamtam.com/product/sport-bottle-4/indexfb13.html]
[f7.vamtam.com/product/sport-bottle-4/index330b.html]
[f7.vamtam.com/product/sport-bottle-4/index81db.html]
[f7.vamtam.com/product/sport-bottle-3/index0cee.html]
[f7.vamtam.com/product/sport-bottle-4/index0cee.html]
[f7.vamtam.com/product/sport-bottle-4/indexa7e6.html]
[f7.vamtam.com/wp-content/cache/min/1/wp-content/uploads/elementor/css/post-5942ce4e.css]
[f7.vamtam.com/index8985.html]
[f7.vamtam.com/product/sport-bottle-4/index73eb.html]
[f7.vamtam.com/product/sport-bottle-4/index5595.html]
[f7.vamtam.com/tag/coaching/index.html]
[f7.vamtam.com/wp-json/wp/v2/tags/47.json]
[f7.vamtam.com/tag/coaching/feed/index.html]
[f7.vamtam.com/tag/overall-health/index.html]
[f7.vamtam.com/product-category/equipment/index0cee.html]
[f7.vamtam.com/product/kettlebells-20kg/index6081.html]
[f7.vamtam.com/product/kettlebells-20kg/indexf012.html]
[f7.vamtam.com/wp-json/wp/v2/tags/48.json]
[f7.vamtam.com/product/kettlebells-20kg/indexbbf8.html]
[f7.vamtam.com/product/kettlebells-20kg/indexaef8.html]
[f7.vamtam.com/product/kettlebells-20kg/indexc4a3.html]
[f7.vamtam.com/product/kettlebells-20kg/index73eb.html]
[f7.vamtam.com/tag/overall-health/feed/index.html]
[f7.vamtam.com/product/sports-top/index0cee.html]
[f7.vamtam.com/product/kettlebells-20kg/indexa7e6.html]
[f7.vamtam.com/product/sports-top/index330b.html]
[f7.vamtam.com/product/sports-top/index5595.html]
[f7.vamtam.com/product/sports-top/index73eb.html]
[f7.vamtam.com/product/sports-top/indexfb13.html]
[f7.vamtam.com/product/sports-top/index5dcf.html]
[f7.vamtam.com/product/sports-top/indexbbf8.html]
[f7.vamtam.com/product/sports-top/index81db.html]
[f7.vamtam.com/product/protein-shake-biscuits/index330b.html]
[f7.vamtam.com/product/kettlebells-20kg/index5c26.html]
[f7.vamtam.com/product/protein-shake-biscuits/index5c26.html]
[f7.vamtam.com/product/protein-shake-biscuits/indexaef8.html]
[f7.vamtam.com/indexb5fb.html]
[f7.vamtam.com/cart/indexaafe.html]
[f7.vamtam.com/cart/indexab99.html]
[f7.vamtam.com/cart/index19bc.html]
[f7.vamtam.com/cart/index165a.html]
[f7.vamtam.com/cart/indexfd40.html]
[f7.vamtam.com/cart/index4c43.html]
[f7.vamtam.com/cart/index0b8f.html]
[f7.vamtam.com/cart/indexed34.html]
[f7.vamtam.com/cart/index6a57.html]
[f7.vamtam.com/cart/indexada3.html]
[f7.vamtam.com/cart/index4adc.html]
[f7.vamtam.com/cart/index593e.html]
[f7.vamtam.com/product/protein-shake-vegan/indexbbf8.html]
[f7.vamtam.com/product/protein-shake-cinnamon/indexa7e6.html]
[f7.vamtam.com/product/protein-shake-cinnamon/index0cee.html]
[f7.vamtam.com/product/kettlebells-20kg/index5dcf.html]
[f7.vamtam.com/product/protein-bar-chocolate/index5c26.html]
[f7.vamtam.com/product/protein-shake-fruity-2/index5dcf.html]
[f7.vamtam.com/product/protein-shake-strawberry/indexc4a3.html]
[f7.vamtam.com/product/protein-shake-strawberry/index330b.html]
[f7.vamtam.com/product/sport-bottle/index73eb.html]
[f7.vamtam.com/product/sport-bottle-3/indexfb13.html]
[f7.vamtam.com/product/sport-bottle-3/index0cee.html]
[f7.vamtam.com/product/sport-bottle-2/index73eb.html]
[f7.vamtam.com/product/sport-bottle-4/index73eb.html]
[f7.vamtam.com/product/sport-bottle-4/index5595.html]
[f7.vamtam.com/product/kettlebells-20kg/indexa7e6.html]
[f7.vamtam.com/product/kettlebells-20kg/index5c26.html]
[f7.vamtam.com/product/kettlebells-20kg/index5dcf.html]
[f7.vamtam.com/product/sports-top/index5595.html]
[f7.vamtam.com/product/sports-top/indexc4a3.html]
[f7.vamtam.com/product/sports-top/indexc4a3.html]
